../Core/Src/main.c:88:6:HAL_TIM_PeriodElapsedCallback	16	static
../Core/Src/main.c:102:5:main	72	static
../Core/Src/main.c:245:6:SystemClock_Config	72	static
../Core/Src/main.c:285:13:MX_SPI1_Init	8	static
../Core/Src/main.c:323:13:MX_TIM2_Init	32	static
../Core/Src/main.c:368:13:MX_GPIO_Init	40	static
../Core/Src/main.c:429:9:checkbuton	24	static
../Core/Src/main.c:458:6:seclectmenu	32	static
../Core/Src/main.c:1592:9:CheckUID	32	static
../Core/Src/main.c:1606:9:CheckListUID	24	static
../Core/Src/main.c:1619:9:checkcountUID	16	static
../Core/Src/main.c:1635:6:adduid	16	static
../Core/Src/main.c:1682:6:checkthe	16	static
../Core/Src/main.c:1762:10:CheckKey	24	static
../Core/Src/main.c:1775:6:removeuid	16	static
../Core/Src/main.c:1779:6:startadd	8	static
../Core/Src/main.c:1825:6:setaddress	16	static
../Core/Src/main.c:1834:6:password	32	static
../Core/Src/main.c:1877:6:resetflash	16	static
../Core/Src/main.c:1889:6:Error_Handler	4	static,ignoring_inline_asm
