../Core/Src/rc522.c:27:9:TM_SPI_Send	32	static
../Core/Src/rc522.c:39:6:TM_MFRC522_Init	8	static
../Core/Src/rc522.c:58:21:TM_MFRC522_Check	24	static
../Core/Src/rc522.c:73:21:TM_MFRC522_Compare	24	static
../Core/Src/rc522.c:84:6:TM_MFRC522_WriteRegister	16	static
../Core/Src/rc522.c:95:9:TM_MFRC522_ReadRegister	24	static
../Core/Src/rc522.c:108:6:TM_MFRC522_SetBitMask	16	static
../Core/Src/rc522.c:112:6:TM_MFRC522_ClearBitMask	16	static
../Core/Src/rc522.c:116:6:TM_MFRC522_AntennaOn	16	static
../Core/Src/rc522.c:125:6:TM_MFRC522_AntennaOff	8	static
../Core/Src/rc522.c:129:6:TM_MFRC522_Reset	8	static
../Core/Src/rc522.c:133:21:TM_MFRC522_Request	32	static
../Core/Src/rc522.c:148:21:TM_MFRC522_ToCard	40	static
../Core/Src/rc522.c:235:21:TM_MFRC522_Anticoll	32	static
../Core/Src/rc522.c:259:6:TM_MFRC522_CalculateCRC	40	static
../Core/Src/rc522.c:284:9:TM_MFRC522_SelectTag	40	static
../Core/Src/rc522.c:308:21:TM_MFRC522_Auth	48	static
../Core/Src/rc522.c:333:21:TM_MFRC522_Read	32	static
../Core/Src/rc522.c:349:21:TM_MFRC522_Write	48	static
../Core/Src/rc522.c:380:6:TM_MFRC522_Halt	24	static
