Archive member included to satisfy reference by file (symbol)

c:/st/stm32cubeide_1.10.1/stm32cubeide/plugins/com.st.stm32cube.ide.mcu.externaltools.gnu-tools-for-stm32.10.3-2021.10.win32_1.0.0.202111181127/tools/bin/../lib/gcc/arm-none-eabi/10.3.1/../../../../arm-none-eabi/lib/thumb/v7-m/nofp\libc_nano.a(lib_a-errno.o)
                              ./Core/Src/syscalls.o (__errno)
c:/st/stm32cubeide_1.10.1/stm32cubeide/plugins/com.st.stm32cube.ide.mcu.externaltools.gnu-tools-for-stm32.10.3-2021.10.win32_1.0.0.202111181127/tools/bin/../lib/gcc/arm-none-eabi/10.3.1/../../../../arm-none-eabi/lib/thumb/v7-m/nofp\libc_nano.a(lib_a-exit.o)
                              c:/st/stm32cubeide_1.10.1/stm32cubeide/plugins/com.st.stm32cube.ide.mcu.externaltools.gnu-tools-for-stm32.10.3-2021.10.win32_1.0.0.202111181127/tools/bin/../lib/gcc/arm-none-eabi/10.3.1/../../../../arm-none-eabi/lib/thumb/v7-m/nofp/crt0.o (exit)
c:/st/stm32cubeide_1.10.1/stm32cubeide/plugins/com.st.stm32cube.ide.mcu.externaltools.gnu-tools-for-stm32.10.3-2021.10.win32_1.0.0.202111181127/tools/bin/../lib/gcc/arm-none-eabi/10.3.1/../../../../arm-none-eabi/lib/thumb/v7-m/nofp\libc_nano.a(lib_a-impure.o)
                              c:/st/stm32cubeide_1.10.1/stm32cubeide/plugins/com.st.stm32cube.ide.mcu.externaltools.gnu-tools-for-stm32.10.3-2021.10.win32_1.0.0.202111181127/tools/bin/../lib/gcc/arm-none-eabi/10.3.1/../../../../arm-none-eabi/lib/thumb/v7-m/nofp\libc_nano.a(lib_a-exit.o) (_global_impure_ptr)
c:/st/stm32cubeide_1.10.1/stm32cubeide/plugins/com.st.stm32cube.ide.mcu.externaltools.gnu-tools-for-stm32.10.3-2021.10.win32_1.0.0.202111181127/tools/bin/../lib/gcc/arm-none-eabi/10.3.1/../../../../arm-none-eabi/lib/thumb/v7-m/nofp\libc_nano.a(lib_a-init.o)
                              c:/st/stm32cubeide_1.10.1/stm32cubeide/plugins/com.st.stm32cube.ide.mcu.externaltools.gnu-tools-for-stm32.10.3-2021.10.win32_1.0.0.202111181127/tools/bin/../lib/gcc/arm-none-eabi/10.3.1/../../../../arm-none-eabi/lib/thumb/v7-m/nofp/crt0.o (__libc_init_array)
c:/st/stm32cubeide_1.10.1/stm32cubeide/plugins/com.st.stm32cube.ide.mcu.externaltools.gnu-tools-for-stm32.10.3-2021.10.win32_1.0.0.202111181127/tools/bin/../lib/gcc/arm-none-eabi/10.3.1/../../../../arm-none-eabi/lib/thumb/v7-m/nofp\libc_nano.a(lib_a-memset.o)
                              c:/st/stm32cubeide_1.10.1/stm32cubeide/plugins/com.st.stm32cube.ide.mcu.externaltools.gnu-tools-for-stm32.10.3-2021.10.win32_1.0.0.202111181127/tools/bin/../lib/gcc/arm-none-eabi/10.3.1/../../../../arm-none-eabi/lib/thumb/v7-m/nofp/crt0.o (memset)
c:/st/stm32cubeide_1.10.1/stm32cubeide/plugins/com.st.stm32cube.ide.mcu.externaltools.gnu-tools-for-stm32.10.3-2021.10.win32_1.0.0.202111181127/tools/bin/../lib/gcc/arm-none-eabi/10.3.1/../../../../arm-none-eabi/lib/thumb/v7-m/nofp\libc_nano.a(lib_a-sprintf.o)
                              ./Core/Src/main.o (sprintf)
c:/st/stm32cubeide_1.10.1/stm32cubeide/plugins/com.st.stm32cube.ide.mcu.externaltools.gnu-tools-for-stm32.10.3-2021.10.win32_1.0.0.202111181127/tools/bin/../lib/gcc/arm-none-eabi/10.3.1/../../../../arm-none-eabi/lib/thumb/v7-m/nofp\libc_nano.a(lib_a-nano-svfprintf.o)
                              c:/st/stm32cubeide_1.10.1/stm32cubeide/plugins/com.st.stm32cube.ide.mcu.externaltools.gnu-tools-for-stm32.10.3-2021.10.win32_1.0.0.202111181127/tools/bin/../lib/gcc/arm-none-eabi/10.3.1/../../../../arm-none-eabi/lib/thumb/v7-m/nofp\libc_nano.a(lib_a-sprintf.o) (_svfprintf_r)
c:/st/stm32cubeide_1.10.1/stm32cubeide/plugins/com.st.stm32cube.ide.mcu.externaltools.gnu-tools-for-stm32.10.3-2021.10.win32_1.0.0.202111181127/tools/bin/../lib/gcc/arm-none-eabi/10.3.1/../../../../arm-none-eabi/lib/thumb/v7-m/nofp\libc_nano.a(lib_a-nano-vfprintf_i.o)
                              c:/st/stm32cubeide_1.10.1/stm32cubeide/plugins/com.st.stm32cube.ide.mcu.externaltools.gnu-tools-for-stm32.10.3-2021.10.win32_1.0.0.202111181127/tools/bin/../lib/gcc/arm-none-eabi/10.3.1/../../../../arm-none-eabi/lib/thumb/v7-m/nofp\libc_nano.a(lib_a-nano-svfprintf.o) (_printf_i)
c:/st/stm32cubeide_1.10.1/stm32cubeide/plugins/com.st.stm32cube.ide.mcu.externaltools.gnu-tools-for-stm32.10.3-2021.10.win32_1.0.0.202111181127/tools/bin/../lib/gcc/arm-none-eabi/10.3.1/../../../../arm-none-eabi/lib/thumb/v7-m/nofp\libc_nano.a(lib_a-memchr-stub.o)
                              c:/st/stm32cubeide_1.10.1/stm32cubeide/plugins/com.st.stm32cube.ide.mcu.externaltools.gnu-tools-for-stm32.10.3-2021.10.win32_1.0.0.202111181127/tools/bin/../lib/gcc/arm-none-eabi/10.3.1/../../../../arm-none-eabi/lib/thumb/v7-m/nofp\libc_nano.a(lib_a-nano-svfprintf.o) (memchr)
c:/st/stm32cubeide_1.10.1/stm32cubeide/plugins/com.st.stm32cube.ide.mcu.externaltools.gnu-tools-for-stm32.10.3-2021.10.win32_1.0.0.202111181127/tools/bin/../lib/gcc/arm-none-eabi/10.3.1/../../../../arm-none-eabi/lib/thumb/v7-m/nofp\libc_nano.a(lib_a-memcpy-stub.o)
[...]
Memory Configuration

Name             Origin             Length             Attributes
RAM              0x0000000020000000 0x0000000000005000 xrw
FLASH            0x0000000008000000 0x0000000000010000 xr
*default*        0x0000000000000000 0xffffffffffffffff

Linker script and memory map

LOAD c:/st/stm32cubeide_1.10.1/stm32cubeide/plugins/com.st.stm32cube.ide.mcu.externaltools.gnu-tools-for-stm32.10.3-2021.10.win32_1.0.0.202111181127/tools/bin/../lib/gcc/arm-none-eabi/10.3.1/thumb/v7-m/nofp/crti.o
LOAD c:/st/stm32cubeide_1.10.1/stm32cubeide/plugins/com.st.stm32cube.ide.mcu.externaltools.gnu-tools-for-stm32.10.3-2021.10.win32_1.0.0.202111181127/tools/bin/../lib/gcc/arm-none-eabi/10.3.1/thumb/v7-m/nofp/crtbegin.o
LOAD c:/st/stm32cubeide_1.10.1/stm32cubeide/plugins/com.st.stm32cube.ide.mcu.externaltools.gnu-tools-for-stm32.10.3-2021.10.win32_1.0.0.202111181127/tools/bin/../lib/gcc/arm-none-eabi/10.3.1/../../../../arm-none-eabi/lib/thumb/v7-m/nofp/crt0.o
LOAD ./Core/Src/flash.o
LOAD ./Core/Src/lcd.o
LOAD ./Core/Src/main.o
LOAD ./Core/Src/rc522.o
LOAD ./Core/Src/stm32f1xx_hal_msp.o
LOAD ./Core/Src/stm32f1xx_it.o
LOAD ./Core/Src/syscalls.o
LOAD ./Core/Src/sysmem.o
LOAD ./Core/Src/system_stm32f1xx.o
LOAD ./Core/Startup/startup_stm32f103c8tx.o
LOAD ./Drivers/STM32F1xx_HAL_Driver/Src/stm32f1xx_hal.o
LOAD ./Drivers/STM32F1xx_HAL_Driver/Src/stm32f1xx_hal_cortex.o
LOAD ./Drivers/STM32F1xx_HAL_Driver/Src/stm32f1xx_hal_dma.o
LOAD ./Drivers/STM32F1xx_HAL_Driver/Src/stm32f1xx_hal_exti.o
LOAD ./Drivers/STM32F1xx_HAL_Driver/Src/stm32f1xx_hal_flash.o
LOAD ./Drivers/STM32F1xx_HAL_Driver/Src/stm32f1xx_hal_flash_ex.o
LOAD ./Drivers/STM32F1xx_HAL_Driver/Src/stm32f1xx_hal_gpio.o
LOAD ./Drivers/STM32F1xx_HAL_Driver/Src/stm32f1xx_hal_gpio_ex.o
LOAD ./Drivers/STM32F1xx_HAL_Driver/Src/stm32f1xx_hal_pwr.o
LOAD ./Drivers/STM32F1xx_HAL_Driver/Src/stm32f1xx_hal_rcc.o
LOAD ./Drivers/STM32F1xx_HAL_Driver/Src/stm32f1xx_hal_rcc_ex.o
LOAD ./Drivers/STM32F1xx_HAL_Driver/Src/stm32f1xx_hal_spi.o
LOAD ./Drivers/STM32F1xx_HAL_Driver/Src/stm32f1xx_hal_tim.o
LOAD ./Drivers/STM32F1xx_HAL_Driver/Src/stm32f1xx_hal_tim_ex.o
START GROUP
LOAD c:/st/stm32cubeide_1.10.1/stm32cubeide/plugins/com.st.stm32cube.ide.mcu.externaltools.gnu-tools-for-stm32.10.3-2021.10.win32_1.0.0.202111181127/tools/bin/../lib/gcc/arm-none-eabi/10.3.1/../../../../arm-none-eabi/lib/thumb/v7-m/nofp\libc_nano.a
LOAD c:/st/stm32cubeide_1.10.1/stm32cubeide/plugins/com.st.stm32cube.ide.mcu.externaltools.gnu-tools-for-stm32.10.3-2021.10.win32_1.0.0.202111181127/tools/bin/../lib/gcc/arm-none-eabi/10.3.1/../../../../arm-none-eabi/lib/thumb/v7-m/nofp\libm.a
END GROUP
START GROUP
LOAD c:/st/stm32cubeide_1.10.1/stm32cubeide/plugins/com.st.stm32cube.ide.mcu.externaltools.gnu-tools-for-stm32.10.3-2021.10.win32_1.0.0.202111181127/tools/bin/../lib/gcc/arm-none-eabi/10.3.1/thumb/v7-m/nofp\libgcc.a
LOAD c:/st/stm32cubeide_1.10.1/stm32cubeide/plugins/com.st.stm32cube.ide.mcu.externaltools.gnu-tools-for-stm32.10.3-2021.10.win32_1.0.0.202111181127/tools/bin/../lib/gcc/arm-none-eabi/10.3.1/../../../../arm-none-eabi/lib/thumb/v7-m/nofp\libc_nano.a
END GROUP
START GROUP
LOAD c:/st/stm32cubeide_1.10.1/stm32cubeide/plugins/com.st.stm32cube.ide.mcu.externaltools.gnu-tools-for-stm32.10.3-2021.10.win32_1.0.0.202111181127/tools/bin/../lib/gcc/arm-none-eabi/10.3.1/thumb/v7-m/nofp\libgcc.a
LOAD c:/st/stm32cubeide_1.10.1/stm32cubeide/plugins/com.st.stm32cube.ide.mcu.externaltools.gnu-tools-for-stm32.10.3-2021.10.win32_1.0.0.202111181127/tools/bin/../lib/gcc/arm-none-eabi/10.3.1/../../../../arm-none-eabi/lib/thumb/v7-m/nofp\libc_nano.a
LOAD c:/st/stm32cubeide_1.10.1/stm32cubeide/plugins/com.st.stm32cube.ide.mcu.externaltools.gnu-tools-for-stm32.10.3-2021.10.win32_1.0.0.202111181127/tools/bin/../lib/gcc/arm-none-eabi/10.3.1/../../../../arm-none-eabi/lib/thumb/v7-m/nofp\libnosys.a
END GROUP
START GROUP
LOAD c:/st/stm32cubeide_1.10.1/stm32cubeide/plugins/com.st.stm32cube.ide.mcu.externaltools.gnu-tools-for-stm32.10.3-2021.10.win32_1.0.0.202111181127/tools/bin/../lib/gcc/arm-none-eabi/10.3.1/thumb/v7-m/nofp\libgcc.a
LOAD c:/st/stm32cubeide_1.10.1/stm32cubeide/plugins/com.st.stm32cube.ide.mcu.externaltools.gnu-tools-for-stm32.10.3-2021.10.win32_1.0.0.202111181127/tools/bin/../lib/gcc/arm-none-eabi/10.3.1/../../../../arm-none-eabi/lib/thumb/v7-m/nofp\libc_nano.a
LOAD c:/st/stm32cubeide_1.10.1/stm32cubeide/plugins/com.st.stm32cube.ide.mcu.externaltools.gnu-tools-for-stm32.10.3-2021.10.win32_1.0.0.202111181127/tools/bin/../lib/gcc/arm-none-eabi/10.3.1/../../../../arm-none-eabi/lib/thumb/v7-m/nofp\libnosys.a
END GROUP
LOAD c:/st/stm32cubeide_1.10.1/stm32cubeide/plugins/com.st.stm32cube.ide.mcu.externaltools.gnu-tools-for-stm32.10.3-2021.10.win32_1.0.0.202111181127/tools/bin/../lib/gcc/arm-none-eabi/10.3.1/thumb/v7-m/nofp/crtend.o
LOAD c:/st/stm32cubeide_1.10.1/stm32cubeide/plugins/com.st.stm32cube.ide.mcu.externaltools.gnu-tools-for-stm32.10.3-2021.10.win32_1.0.0.202111181127/tools/bin/../lib/gcc/arm-none-eabi/10.3.1/thumb/v7-m/nofp/crtn.o
                0x0000000020005000                _estack = (ORIGIN (RAM) + LENGTH (RAM))
                0x0000000000000200                _Min_Heap_Size = 0x200
                0x0000000000000400                _Min_Stack_Size = 0x400

.isr_vector     0x0000000008000000      0x10c
                0x0000000008000000                . = ALIGN (0x4)
 *(.isr_vector)
 .isr_vector    0x0000000008000000      0x10c ./Core/Startup/startup_stm32f103c8tx.o
                0x0000000008000000                g_pfnVectors
                0x000000000800010c                . = ALIGN (0x4)

.text           0x000000000800010c     0x652c
                0x000000000800010c                . = ALIGN (0x4)
 *(.text)
 .text          0x000000000800010c       0x40 c:/st/stm32cubeide_1.10.1/stm32cubeide/plugins/com.st.stm32cube.ide.mcu.externaltools.gnu-tools-for-stm32.10.3-2021.10.win32_1.0.0.202111181127/tools/bin/../lib/gcc/arm-none-eabi/10.3.1/thumb/v7-m/nofp/crtbegin.o
 *(.text*)
 .text.Flash_Erase
                0x000000000800014c       0x38 ./Core/Src/flash.o
                0x000000000800014c                Flash_Erase
 .text.Flash_Write_2Byte
                0x0000000008000184       0x30 ./Core/Src/flash.o
                0x0000000008000184                Flash_Write_2Byte
 .text.Flash_Write_Array
                0x00000000080001b4       0x46 ./Core/Src/flash.o
                0x00000000080001b4                Flash_Write_Array
 .text.Flash_Read_Byte
                0x00000000080001fa       0x18 ./Core/Src/flash.o
                0x00000000080001fa                Flash_Read_Byte
 .text.Flash_Read_2Byte
                0x0000000008000212       0x18 ./Core/Src/flash.o
                0x0000000008000212                Flash_Read_2Byte
 .text.Flash_Read_8Byte
                0x000000000800022a       0x1a ./Core/Src/flash.o
                0x000000000800022a                Flash_Read_8Byte
 .text.Flash_Read_Array
                0x0000000008000244       0x42 ./Core/Src/flash.o
                0x0000000008000244                Flash_Read_Array
 .text.CLCD_Delay
                0x0000000008000286       0x1a ./Core/Src/lcd.o
 .text.CLCD_Write8
                0x00000000080002a0      0x154 ./Core/Src/lcd.o
 .text.CLCD_Write4
                0x00000000080003f4      0x1a8 ./Core/Src/lcd.o
 .text.CLCD_4BIT_Init
                0x000000000800059c      0x126 ./Core/Src/lcd.o
                0x000000000800059c                CLCD_4BIT_Init
 *fill*         0x00000000080006c2        0x2 
 .text.CLCD_SetCursor
                0x00000000080006c4       0x90 ./Core/Src/lcd.o
                0x00000000080006c4                CLCD_SetCursor
 .text.CLCD_WriteChar
                0x0000000008000754       0x3e ./Core/Src/lcd.o
                0x0000000008000754                CLCD_WriteChar
 .text.CLCD_WriteString
                0x0000000008000792       0x2e ./Core/Src/lcd.o
                0x0000000008000792                CLCD_WriteString
 .text.CLCD_Clear
                0x00000000080007c0       0x3c ./Core/Src/lcd.o
                0x00000000080007c0                CLCD_Clear
 .text.HAL_TIM_PeriodElapsedCallback
                0x00000000080007fc       0x40 ./Core/Src/main.o
                0x00000000080007fc                HAL_TIM_PeriodElapsedCallback
 .text.main     0x000000000800083c      0x2ec ./Core/Src/main.o
                0x000000000800083c                main
 .text.SystemClock_Config
                0x0000000008000b28       0x8a ./Core/Src/main.o
                0x0000000008000b28                SystemClock_Config
 *fill*         0x0000000008000bb2        0x2 
 .text.MX_SPI1_Init
                0x0000000008000bb4       0x6c ./Core/Src/main.o
 .text.MX_TIM2_Init
                0x0000000008000c20       0x9c ./Core/Src/main.o
 .text.MX_GPIO_Init
                0x0000000008000cbc      0x140 ./Core/Src/main.o
 .text.checkbuton
                0x0000000008000dfc       0x9c ./Core/Src/main.o
                0x0000000008000dfc                checkbuton
 .text.seclectmenu
                0x0000000008000e98     0x1e24 ./Core/Src/main.o
                0x0000000008000e98                seclectmenu
 .text.CheckUID
                0x0000000008002cbc       0x58 ./Core/Src/main.o
                0x0000000008002cbc                CheckUID
 .text.CheckListUID
                0x0000000008002d14       0x60 ./Core/Src/main.o
                0x0000000008002d14                CheckListUID
 .text.checkcountUID
                0x0000000008002d74       0x64 ./Core/Src/main.o
                0x0000000008002d74                checkcountUID
 .text.adduid   0x0000000008002dd8      0x164 ./Core/Src/main.o
                0x0000000008002dd8                adduid
 .text.checkthe
                0x0000000008002f3c      0x224 ./Core/Src/main.o
                0x0000000008002f3c                checkthe
 .text.CheckKey
                0x0000000008003160       0x5c ./Core/Src/main.o
                0x0000000008003160                CheckKey
 .text.removeuid
                0x00000000080031bc       0x1c ./Core/Src/main.o
                0x00000000080031bc                removeuid
 .text.startadd
                0x00000000080031d8      0x150 ./Core/Src/main.o
                0x00000000080031d8                startadd
 .text.setaddress
                0x0000000008003328       0x38 ./Core/Src/main.o
                0x0000000008003328                setaddress
 .text.password
                0x0000000008003360      0x164 ./Core/Src/main.o
                0x0000000008003360                password
 .text.resetflash
                0x00000000080034c4       0x38 ./Core/Src/main.o
                0x00000000080034c4                resetflash
 .text.Error_Handler
                0x00000000080034fc        0xa ./Core/Src/main.o
                0x00000000080034fc                Error_Handler
 *fill*         0x0000000008003506        0x2 
 .text.TM_SPI_Send
                0x0000000008003508       0x50 ./Core/Src/rc522.o
                0x0000000008003508                TM_SPI_Send
 .text.TM_MFRC522_Init
                0x0000000008003558       0x48 ./Core/Src/rc522.o
                0x0000000008003558                TM_MFRC522_Init
 .text.TM_MFRC522_Check
                0x00000000080035a0       0x32 ./Core/Src/rc522.o
                0x00000000080035a0                TM_MFRC522_Check
 *fill*         0x00000000080035d2        0x2 
 .text.TM_MFRC522_WriteRegister
                0x00000000080035d4       0x4c ./Core/Src/rc522.o
                0x00000000080035d4                TM_MFRC522_WriteRegister
 .text.TM_MFRC522_ReadRegister
                0x0000000008003620       0x50 ./Core/Src/rc522.o
                0x0000000008003620                TM_MFRC522_ReadRegister
 .text.TM_MFRC522_SetBitMask
                0x0000000008003670       0x34 ./Core/Src/rc522.o
                0x0000000008003670                TM_MFRC522_SetBitMask
 .text.TM_MFRC522_ClearBitMask
                0x00000000080036a4       0x3c ./Core/Src/rc522.o
                0x00000000080036a4                TM_MFRC522_ClearBitMask
 .text.TM_MFRC522_AntennaOn
                0x00000000080036e0       0x2a ./Core/Src/rc522.o
                0x00000000080036e0                TM_MFRC522_AntennaOn
 .text.TM_MFRC522_Reset
                0x000000000800370a       0x10 ./Core/Src/rc522.o
                0x000000000800370a                TM_MFRC522_Reset
 .text.TM_MFRC522_Request
                0x000000000800371a       0x4a ./Core/Src/rc522.o
                0x000000000800371a                TM_MFRC522_Request
 .text.TM_MFRC522_ToCard
                0x0000000008003764      0x19e ./Core/Src/rc522.o
                0x0000000008003764                TM_MFRC522_ToCard
 .text.TM_MFRC522_Anticoll
                0x0000000008003902       0x7a ./Core/Src/rc522.o
                0x0000000008003902                TM_MFRC522_Anticoll
 .text.TM_MFRC522_CalculateCRC
                0x000000000800397c       0x92 ./Core/Src/rc522.o
                0x000000000800397c                TM_MFRC522_CalculateCRC
 .text.TM_MFRC522_Halt
                0x0000000008003a0e       0x36 ./Core/Src/rc522.o
                0x0000000008003a0e                TM_MFRC522_Halt
 .text.HAL_MspInit
                0x0000000008003a44       0x64 ./Core/Src/stm32f1xx_hal_msp.o
                0x0000000008003a44                HAL_MspInit
 .text.HAL_SPI_MspInit
                0x0000000008003aa8       0x94 ./Core/Src/stm32f1xx_hal_msp.o
                0x0000000008003aa8                HAL_SPI_MspInit
 .text.HAL_TIM_Base_MspInit
                0x0000000008003b3c       0x48 ./Core/Src/stm32f1xx_hal_msp.o
                0x0000000008003b3c                HAL_TIM_Base_MspInit
 .text.NMI_Handler
                0x0000000008003b84        0x6 ./Core/Src/stm32f1xx_it.o
                0x0000000008003b84                NMI_Handler
 .text.HardFault_Handler
                0x0000000008003b8a        0x6 ./Core/Src/stm32f1xx_it.o
                0x0000000008003b8a                HardFault_Handler
 .text.MemManage_Handler
                0x0000000008003b90        0x6 ./Core/Src/stm32f1xx_it.o
                0x0000000008003b90                MemManage_Handler
 .text.BusFault_Handler
                0x0000000008003b96        0x6 ./Core/Src/stm32f1xx_it.o
                0x0000000008003b96                BusFault_Handler
 .text.UsageFault_Handler
                0x0000000008003b9c        0x6 ./Core/Src/stm32f1xx_it.o
                0x0000000008003b9c                UsageFault_Handler
 .text.SVC_Handler
                0x0000000008003ba2        0xc ./Core/Src/stm32f1xx_it.o
                0x0000000008003ba2                SVC_Handler
 .text.DebugMon_Handler
                0x0000000008003bae        0xc ./Core/Src/stm32f1xx_it.o
                0x0000000008003bae                DebugMon_Handler
 .text.PendSV_Handler
                0x0000000008003bba        0xc ./Core/Src/stm32f1xx_it.o
                0x0000000008003bba                PendSV_Handler
 .text.SysTick_Handler
                0x0000000008003bc6        0xc ./Core/Src/stm32f1xx_it.o
                0x0000000008003bc6                SysTick_Handler
 *fill*         0x0000000008003bd2        0x2 
 .text.TIM2_IRQHandler
                0x0000000008003bd4       0x14 ./Core/Src/stm32f1xx_it.o
                0x0000000008003bd4                TIM2_IRQHandler
 .text._sbrk    0x0000000008003be8       0x6c ./Core/Src/sysmem.o
                0x0000000008003be8                _sbrk
 .text.SystemInit
                0x0000000008003c54        0xc ./Core/Src/system_stm32f1xx.o
                0x0000000008003c54                SystemInit
 .text.Reset_Handler
                0x0000000008003c60       0x48 ./Core/Startup/startup_stm32f103c8tx.o
                0x0000000008003c60                Reset_Handler
 .text.Default_Handler
                0x0000000008003ca8        0x2 ./Core/Startup/startup_stm32f103c8tx.o
                0x0000000008003ca8                RTC_Alarm_IRQHandler
                0x0000000008003ca8                EXTI2_IRQHandler
                0x0000000008003ca8                TIM1_CC_IRQHandler
                0x0000000008003ca8                PVD_IRQHandler
                0x0000000008003ca8                EXTI3_IRQHandler
                0x0000000008003ca8                EXTI0_IRQHandler
                0x0000000008003ca8                I2C2_EV_IRQHandler
                0x0000000008003ca8                ADC1_2_IRQHandler
                0x0000000008003ca8                SPI1_IRQHandler
                0x0000000008003ca8                TAMPER_IRQHandler
                0x0000000008003ca8                DMA1_Channel4_IRQHandler
                0x0000000008003ca8                USART3_IRQHandler
                0x0000000008003ca8                RTC_IRQHandler
                0x0000000008003ca8                DMA1_Channel7_IRQHandler
                0x0000000008003ca8                CAN1_RX1_IRQHandler
                0x0000000008003ca8                TIM4_IRQHandler
                0x0000000008003ca8                I2C1_EV_IRQHandler
                0x0000000008003ca8                DMA1_Channel6_IRQHandler
                0x0000000008003ca8                TIM3_IRQHandler
                0x0000000008003ca8                RCC_IRQHandler
                0x0000000008003ca8                TIM1_TRG_COM_IRQHandler
                0x0000000008003ca8                DMA1_Channel1_IRQHandler
                0x0000000008003ca8                Default_Handler
                0x0000000008003ca8                EXTI15_10_IRQHandler
                0x0000000008003ca8                EXTI9_5_IRQHandler
                0x0000000008003ca8                SPI2_IRQHandler
                0x0000000008003ca8                DMA1_Channel5_IRQHandler
                0x0000000008003ca8                EXTI4_IRQHandler
                0x0000000008003ca8                USB_LP_CAN1_RX0_IRQHandler
                0x0000000008003ca8                USB_HP_CAN1_TX_IRQHandler
                0x0000000008003ca8                DMA1_Channel3_IRQHandler
                0x0000000008003ca8                TIM1_UP_IRQHandler
                0x0000000008003ca8                WWDG_IRQHandler
                0x0000000008003ca8                TIM1_BRK_IRQHandler
                0x0000000008003ca8                EXTI1_IRQHandler
                0x0000000008003ca8                USART2_IRQHandler
                0x0000000008003ca8                I2C2_ER_IRQHandler
                0x0000000008003ca8                DMA1_Channel2_IRQHandler
                0x0000000008003ca8                CAN1_SCE_IRQHandler
                0x0000000008003ca8                FLASH_IRQHandler
                0x0000000008003ca8                USART1_IRQHandler
                0x0000000008003ca8                I2C1_ER_IRQHandler
                0x0000000008003ca8                USBWakeUp_IRQHandler
 *fill*         0x0000000008003caa        0x2 
 .text.HAL_Init
                0x0000000008003cac       0x2c ./Drivers/STM32F1xx_HAL_Driver/Src/stm32f1xx_hal.o
                0x0000000008003cac                HAL_Init
 .text.HAL_InitTick
                0x0000000008003cd8       0x60 ./Drivers/STM32F1xx_HAL_Driver/Src/stm32f1xx_hal.o
                0x0000000008003cd8                HAL_InitTick
 .text.HAL_IncTick
                0x0000000008003d38       0x24 ./Drivers/STM32F1xx_HAL_Driver/Src/stm32f1xx_hal.o
                0x0000000008003d38                HAL_IncTick
 .text.HAL_GetTick
                0x0000000008003d5c       0x14 ./Drivers/STM32F1xx_HAL_Driver/Src/stm32f1xx_hal.o
                0x0000000008003d5c                HAL_GetTick
 .text.HAL_Delay
                0x0000000008003d70       0x48 ./Drivers/STM32F1xx_HAL_Driver/Src/stm32f1xx_hal.o
                0x0000000008003d70                HAL_Delay
 .text.__NVIC_SetPriorityGrouping
                0x0000000008003db8       0x48 ./Drivers/STM32F1xx_HAL_Driver/Src/stm32f1xx_hal_cortex.o
 .text.__NVIC_GetPriorityGrouping
                0x0000000008003e00       0x1c ./Drivers/STM32F1xx_HAL_Driver/Src/stm32f1xx_hal_cortex.o
 .text.__NVIC_EnableIRQ
                0x0000000008003e1c       0x38 ./Drivers/STM32F1xx_HAL_Driver/Src/stm32f1xx_hal_cortex.o
 .text.__NVIC_SetPriority
                0x0000000008003e54       0x54 ./Drivers/STM32F1xx_HAL_Driver/Src/stm32f1xx_hal_cortex.o
 .text.NVIC_EncodePriority
                0x0000000008003ea8       0x64 ./Drivers/STM32F1xx_HAL_Driver/Src/stm32f1xx_hal_cortex.o
 .text.SysTick_Config
                0x0000000008003f0c       0x44 ./Drivers/STM32F1xx_HAL_Driver/Src/stm32f1xx_hal_cortex.o
 .text.HAL_NVIC_SetPriorityGrouping
                0x0000000008003f50       0x16 ./Drivers/STM32F1xx_HAL_Driver/Src/stm32f1xx_hal_cortex.o
                0x0000000008003f50                HAL_NVIC_SetPriorityGrouping
 .text.HAL_NVIC_SetPriority
                0x0000000008003f66       0x38 ./Drivers/STM32F1xx_HAL_Driver/Src/stm32f1xx_hal_cortex.o
                0x0000000008003f66                HAL_NVIC_SetPriority
 .text.HAL_NVIC_EnableIRQ
                0x0000000008003f9e       0x1c ./Drivers/STM32F1xx_HAL_Driver/Src/stm32f1xx_hal_cortex.o
                0x0000000008003f9e                HAL_NVIC_EnableIRQ
 .text.HAL_SYSTICK_Config
                0x0000000008003fba       0x18 ./Drivers/STM32F1xx_HAL_Driver/Src/stm32f1xx_hal_cortex.o
                0x0000000008003fba                HAL_SYSTICK_Config
 *fill*         0x0000000008003fd2        0x2 
 .text.HAL_FLASH_Program
                0x0000000008003fd4       0xe0 ./Drivers/STM32F1xx_HAL_Driver/Src/stm32f1xx_hal_flash.o
                0x0000000008003fd4                HAL_FLASH_Program
 .text.HAL_FLASH_Unlock
                0x00000000080040b4       0x4c ./Drivers/STM32F1xx_HAL_Driver/Src/stm32f1xx_hal_flash.o
                0x00000000080040b4                HAL_FLASH_Unlock
 .text.HAL_FLASH_Lock
                0x0000000008004100       0x20 ./Drivers/STM32F1xx_HAL_Driver/Src/stm32f1xx_hal_flash.o
                0x0000000008004100                HAL_FLASH_Lock
 .text.FLASH_Program_HalfWord
                0x0000000008004120       0x38 ./Drivers/STM32F1xx_HAL_Driver/Src/stm32f1xx_hal_flash.o
 .text.FLASH_WaitForLastOperation
                0x0000000008004158       0x8c ./Drivers/STM32F1xx_HAL_Driver/Src/stm32f1xx_hal_flash.o
                0x0000000008004158                FLASH_WaitForLastOperation
 .text.FLASH_SetErrorCode
                0x00000000080041e4       0xa0 ./Drivers/STM32F1xx_HAL_Driver/Src/stm32f1xx_hal_flash.o
 .text.HAL_FLASHEx_Erase
                0x0000000008004284       0xd8 ./Drivers/STM32F1xx_HAL_Driver/Src/stm32f1xx_hal_flash_ex.o
                0x0000000008004284                HAL_FLASHEx_Erase
 .text.FLASH_MassErase
                0x000000000800435c       0x38 ./Drivers/STM32F1xx_HAL_Driver/Src/stm32f1xx_hal_flash_ex.o
 .text.FLASH_PageErase
                0x0000000008004394       0x40 ./Drivers/STM32F1xx_HAL_Driver/Src/stm32f1xx_hal_flash_ex.o
                0x0000000008004394                FLASH_PageErase
 .text.HAL_GPIO_Init
                0x00000000080043d4      0x308 ./Drivers/STM32F1xx_HAL_Driver/Src/stm32f1xx_hal_gpio.o
                0x00000000080043d4                HAL_GPIO_Init
 .text.HAL_GPIO_ReadPin
                0x00000000080046dc       0x2e ./Drivers/STM32F1xx_HAL_Driver/Src/stm32f1xx_hal_gpio.o
                0x00000000080046dc                HAL_GPIO_ReadPin
 .text.HAL_GPIO_WritePin
                0x000000000800470a       0x30 ./Drivers/STM32F1xx_HAL_Driver/Src/stm32f1xx_hal_gpio.o
                0x000000000800470a                HAL_GPIO_WritePin
 .text.HAL_GPIO_TogglePin
                0x000000000800473a       0x32 ./Drivers/STM32F1xx_HAL_Driver/Src/stm32f1xx_hal_gpio.o
                0x000000000800473a                HAL_GPIO_TogglePin
 .text.HAL_RCC_OscConfig
                0x000000000800476c      0x504 ./Drivers/STM32F1xx_HAL_Driver/Src/stm32f1xx_hal_rcc.o
                0x000000000800476c                HAL_RCC_OscConfig
 .text.HAL_RCC_ClockConfig
                0x0000000008004c70      0x1d4 ./Drivers/STM32F1xx_HAL_Driver/Src/stm32f1xx_hal_rcc.o
                0x0000000008004c70                HAL_RCC_ClockConfig
 .text.HAL_RCC_GetSysClockFreq
                0x0000000008004e44       0xbc ./Drivers/STM32F1xx_HAL_Driver/Src/stm32f1xx_hal_rcc.o
                0x0000000008004e44                HAL_RCC_GetSysClockFreq
 .text.RCC_Delay
                0x0000000008004f00       0x3c ./Drivers/STM32F1xx_HAL_Driver/Src/stm32f1xx_hal_rcc.o
 .text.HAL_SPI_Init
                0x0000000008004f3c      0x108 ./Drivers/STM32F1xx_HAL_Driver/Src/stm32f1xx_hal_spi.o
                0x0000000008004f3c                HAL_SPI_Init
 .text.HAL_SPI_TransmitReceive
                0x0000000008005044      0x344 ./Drivers/STM32F1xx_HAL_Driver/Src/stm32f1xx_hal_spi.o
                0x0000000008005044                HAL_SPI_TransmitReceive
 .text.SPI_WaitFlagStateUntilTimeout
                0x0000000008005388      0x110 ./Drivers/STM32F1xx_HAL_Driver/Src/stm32f1xx_hal_spi.o
 .text.SPI_EndRxTxTransaction
                0x0000000008005498       0x3c ./Drivers/STM32F1xx_HAL_Driver/Src/stm32f1xx_hal_spi.o
 .text.HAL_TIM_Base_Init
                0x00000000080054d4       0x9e ./Drivers/STM32F1xx_HAL_Driver/Src/stm32f1xx_hal_tim.o
                0x00000000080054d4                HAL_TIM_Base_Init
 *fill*         0x0000000008005572        0x2 
 .text.HAL_TIM_Base_Start_IT
                0x0000000008005574       0xa4 ./Drivers/STM32F1xx_HAL_Driver/Src/stm32f1xx_hal_tim.o
                0x0000000008005574                HAL_TIM_Base_Start_IT
 .text.HAL_TIM_IRQHandler
                0x0000000008005618      0x210 ./Drivers/STM32F1xx_HAL_Driver/Src/stm32f1xx_hal_tim.o
                0x0000000008005618                HAL_TIM_IRQHandler
 .text.HAL_TIM_ConfigClockSource
                0x0000000008005828      0x188 ./Drivers/STM32F1xx_HAL_Driver/Src/stm32f1xx_hal_tim.o
                0x0000000008005828                HAL_TIM_ConfigClockSource
 .text.HAL_TIM_OC_DelayElapsedCallback
                0x00000000080059b0       0x12 ./Drivers/STM32F1xx_HAL_Driver/Src/stm32f1xx_hal_tim.o
                0x00000000080059b0                HAL_TIM_OC_DelayElapsedCallback
 .text.HAL_TIM_IC_CaptureCallback
                0x00000000080059c2       0x12 ./Drivers/STM32F1xx_HAL_Driver/Src/stm32f1xx_hal_tim.o
                0x00000000080059c2                HAL_TIM_IC_CaptureCallback
 .text.HAL_TIM_PWM_PulseFinishedCallback
                0x00000000080059d4       0x12 ./Drivers/STM32F1xx_HAL_Driver/Src/stm32f1xx_hal_tim.o
                0x00000000080059d4                HAL_TIM_PWM_PulseFinishedCallback
 .text.HAL_TIM_TriggerCallback
                0x00000000080059e6       0x12 ./Drivers/STM32F1xx_HAL_Driver/Src/stm32f1xx_hal_tim.o
                0x00000000080059e6                HAL_TIM_TriggerCallback
 .text.TIM_Base_SetConfig
                0x00000000080059f8       0xc4 ./Drivers/STM32F1xx_HAL_Driver/Src/stm32f1xx_hal_tim.o
                0x00000000080059f8                TIM_Base_SetConfig
 .text.TIM_TI1_ConfigInputStage
                0x0000000008005abc       0x5c ./Drivers/STM32F1xx_HAL_Driver/Src/stm32f1xx_hal_tim.o
 .text.TIM_TI2_ConfigInputStage
                0x0000000008005b18       0x5e ./Drivers/STM32F1xx_HAL_Driver/Src/stm32f1xx_hal_tim.o
 .text.TIM_ITRx_SetConfig
                0x0000000008005b76       0x34 ./Drivers/STM32F1xx_HAL_Driver/Src/stm32f1xx_hal_tim.o
 .text.TIM_ETR_SetConfig
                0x0000000008005baa       0x3e ./Drivers/STM32F1xx_HAL_Driver/Src/stm32f1xx_hal_tim.o
                0x0000000008005baa                TIM_ETR_SetConfig
 .text.HAL_TIMEx_MasterConfigSynchronization
                0x0000000008005be8       0xbc ./Drivers/STM32F1xx_HAL_Driver/Src/stm32f1xx_hal_tim_ex.o
                0x0000000008005be8                HAL_TIMEx_MasterConfigSynchronization
 .text.HAL_TIMEx_CommutCallback
                0x0000000008005ca4       0x12 ./Drivers/STM32F1xx_HAL_Driver/Src/stm32f1xx_hal_tim_ex.o
                0x0000000008005ca4                HAL_TIMEx_CommutCallback
 .text.HAL_TIMEx_BreakCallback
                0x0000000008005cb6       0x12 ./Drivers/STM32F1xx_HAL_Driver/Src/stm32f1xx_hal_tim_ex.o
                0x0000000008005cb6                HAL_TIMEx_BreakCallback
 .text.__errno  0x0000000008005cc8        0xc c:/st/stm32cubeide_1.10.1/stm32cubeide/plugins/com.st.stm32cube.ide.mcu.externaltools.gnu-tools-for-stm32.10.3-2021.10.win32_1.0.0.202111181127/tools/bin/../lib/gcc/arm-none-eabi/10.3.1/../../../../arm-none-eabi/lib/thumb/v7-m/nofp\libc_nano.a(lib_a-errno.o)
                0x0000000008005cc8                __errno
 .text.__libc_init_array
                0x0000000008005cd4       0x48 c:/st/stm32cubeide_1.10.1/stm32cubeide/plugins/com.st.stm32cube.ide.mcu.externaltools.gnu-tools-for-stm32.10.3-2021.10.win32_1.0.0.202111181127/tools/bin/../lib/gcc/arm-none-eabi/10.3.1/../../../../arm-none-eabi/lib/thumb/v7-m/nofp\libc_nano.a(lib_a-init.o)
                0x0000000008005cd4                __libc_init_array
 .text.memset   0x0000000008005d1c       0x10 c:/st/stm32cubeide_1.10.1/stm32cubeide/plugins/com.st.stm32cube.ide.mcu.externaltools.gnu-tools-for-stm32.10.3-2021.10.win32_1.0.0.202111181127/tools/bin/../lib/gcc/arm-none-eabi/10.3.1/../../../../arm-none-eabi/lib/thumb/v7-m/nofp\libc_nano.a(lib_a-memset.o)
                0x0000000008005d1c                memset
 .text.sprintf  0x0000000008005d2c       0x40 c:/st/stm32cubeide_1.10.1/stm32cubeide/plugins/com.st.stm32cube.ide.mcu.externaltools.gnu-tools-for-stm32.10.3-2021.10.win32_1.0.0.202111181127/tools/bin/../lib/gcc/arm-none-eabi/10.3.1/../../../../arm-none-eabi/lib/thumb/v7-m/nofp\libc_nano.a(lib_a-sprintf.o)
                0x0000000008005d2c                siprintf
                0x0000000008005d2c                sprintf
 .text.__ssputs_r
                0x0000000008005d6c       0xb6 c:/st/stm32cubeide_1.10.1/stm32cubeide/plugins/com.st.stm32cube.ide.mcu.externaltools.gnu-tools-for-stm32.10.3-2021.10.win32_1.0.0.202111181127/tools/bin/../lib/gcc/arm-none-eabi/10.3.1/../../../../arm-none-eabi/lib/thumb/v7-m/nofp\libc_nano.a(lib_a-nano-svfprintf.o)
                0x0000000008005d6c                __ssputs_r
 *fill*         0x0000000008005e22        0x2 
 .text._svfprintf_r
                0x0000000008005e24      0x200 c:/st/stm32cubeide_1.10.1/stm32cubeide/plugins/com.st.stm32cube.ide.mcu.externaltools.gnu-tools-for-stm32.10.3-2021.10.win32_1.0.0.202111181127/tools/bin/../lib/gcc/arm-none-eabi/10.3.1/../../../../arm-none-eabi/lib/thumb/v7-m/nofp\libc_nano.a(lib_a-nano-svfprintf.o)
                0x0000000008005e24                _svfiprintf_r
                0x0000000008005e24                _svfprintf_r
 .text._printf_common
                0x0000000008006024       0xde c:/st/stm32cubeide_1.10.1/stm32cubeide/plugins/com.st.stm32cube.ide.mcu.externaltools.gnu-tools-for-stm32.10.3-2021.10.win32_1.0.0.202111181127/tools/bin/../lib/gcc/arm-none-eabi/10.3.1/../../../../arm-none-eabi/lib/thumb/v7-m/nofp\libc_nano.a(lib_a-nano-vfprintf_i.o)
                0x0000000008006024                _printf_common
 *fill*         0x0000000008006102        0x2 
 .text._printf_i
                0x0000000008006104      0x24c c:/st/stm32cubeide_1.10.1/stm32cubeide/plugins/com.st.stm32cube.ide.mcu.externaltools.gnu-tools-for-stm32.10.3-2021.10.win32_1.0.0.202111181127/tools/bin/../lib/gcc/arm-none-eabi/10.3.1/../../../../arm-none-eabi/lib/thumb/v7-m/nofp\libc_nano.a(lib_a-nano-vfprintf_i.o)
                0x0000000008006104                _printf_i
 .text.memchr   0x0000000008006350       0x1c c:/st/stm32cubeide_1.10.1/stm32cubeide/plugins/com.st.stm32cube.ide.mcu.externaltools.gnu-tools-for-stm32.10.3-2021.10.win32_1.0.0.202111181127/tools/bin/../lib/gcc/arm-none-eabi/10.3.1/../../../../arm-none-eabi/lib/thumb/v7-m/nofp\libc_nano.a(lib_a-memchr-stub.o)
                0x0000000008006350                memchr
 .text.memcpy   0x000000000800636c       0x1c c:/st/stm32cubeide_1.10.1/stm32cubeide/plugins/com.st.stm32cube.ide.mcu.externaltools.gnu-tools-for-stm32.10.3-2021.10.win32_1.0.0.202111181127/tools/bin/../lib/gcc/arm-none-eabi/10.3.1/../../../../arm-none-eabi/lib/thumb/v7-m/nofp\libc_nano.a(lib_a-memcpy-stub.o)
                0x000000000800636c                memcpy
 .text.memmove  0x0000000008006388       0x34 c:/st/stm32cubeide_1.10.1/stm32cubeide/plugins/com.st.stm32cube.ide.mcu.externaltools.gnu-tools-for-stm32.10.3-2021.10.win32_1.0.0.202111181127/tools/bin/../lib/gcc/arm-none-eabi/10.3.1/../../../../arm-none-eabi/lib/thumb/v7-m/nofp\libc_nano.a(lib_a-memmove.o)
                0x0000000008006388                memmove
 .text._free_r  0x00000000080063bc       0x90 c:/st/stm32cubeide_1.10.1/stm32cubeide/plugins/com.st.stm32cube.ide.mcu.externaltools.gnu-tools-for-stm32.10.3-2021.10.win32_1.0.0.202111181127/tools/bin/../lib/gcc/arm-none-eabi/10.3.1/../../../../arm-none-eabi/lib/thumb/v7-m/nofp\libc_nano.a(lib_a-nano-freer.o)
                0x00000000080063bc                _free_r
 .text.sbrk_aligned
                0x000000000800644c       0x40 c:/st/stm32cubeide_1.10.1/stm32cubeide/plugins/com.st.stm32cube.ide.mcu.externaltools.gnu-tools-for-stm32.10.3-2021.10.win32_1.0.0.202111181127/tools/bin/../lib/gcc/arm-none-eabi/10.3.1/../../../../arm-none-eabi/lib/thumb/v7-m/nofp\libc_nano.a(lib_a-nano-mallocr.o)
 .text._malloc_r
                0x000000000800648c       0xe8 c:/st/stm32cubeide_1.10.1/stm32cubeide/plugins/com.st.stm32cube.ide.mcu.externaltools.gnu-tools-for-stm32.10.3-2021.10.win32_1.0.0.202111181127/tools/bin/../lib/gcc/arm-none-eabi/10.3.1/../../../../arm-none-eabi/lib/thumb/v7-m/nofp\libc_nano.a(lib_a-nano-mallocr.o)
                0x000000000800648c                _malloc_r
 .text._realloc_r
                0x0000000008006574       0x5e c:/st/stm32cubeide_1.10.1/stm32cubeide/plugins/com.st.stm32cube.ide.mcu.externaltools.gnu-tools-for-stm32.10.3-2021.10.win32_1.0.0.202111181127/tools/bin/../lib/gcc/arm-none-eabi/10.3.1/../../../../arm-none-eabi/lib/thumb/v7-m/nofp\libc_nano.a(lib_a-nano-reallocr.o)
                0x0000000008006574                _realloc_r
 *fill*         0x00000000080065d2        0x2 
 .text._sbrk_r  0x00000000080065d4       0x20 c:/st/stm32cubeide_1.10.1/stm32cubeide/plugins/com.st.stm32cube.ide.mcu.externaltools.gnu-tools-for-stm32.10.3-2021.10.win32_1.0.0.202111181127/tools/bin/../lib/gcc/arm-none-eabi/10.3.1/../../../../arm-none-eabi/lib/thumb/v7-m/nofp\libc_nano.a(lib_a-sbrkr.o)
                0x00000000080065d4                _sbrk_r
 .text.__malloc_lock
                0x00000000080065f4        0xc c:/st/stm32cubeide_1.10.1/stm32cubeide/plugins/com.st.stm32cube.ide.mcu.externaltools.gnu-tools-for-stm32.10.3-2021.10.win32_1.0.0.202111181127/tools/bin/../lib/gcc/arm-none-eabi/10.3.1/../../../../arm-none-eabi/lib/thumb/v7-m/nofp\libc_nano.a(lib_a-mlock.o)
                0x00000000080065f4                __malloc_lock
 .text.__malloc_unlock
                0x0000000008006600        0xc c:/st/stm32cubeide_1.10.1/stm32cubeide/plugins/com.st.stm32cube.ide.mcu.externaltools.gnu-tools-for-stm32.10.3-2021.10.win32_1.0.0.202111181127/tools/bin/../lib/gcc/arm-none-eabi/10.3.1/../../../../arm-none-eabi/lib/thumb/v7-m/nofp\libc_nano.a(lib_a-mlock.o)
                0x0000000008006600                __malloc_unlock
 .text._malloc_usable_size_r
                0x000000000800660c       0x10 c:/st/stm32cubeide_1.10.1/stm32cubeide/plugins/com.st.stm32cube.ide.mcu.externaltools.gnu-tools-for-stm32.10.3-2021.10.win32_1.0.0.202111181127/tools/bin/../lib/gcc/arm-none-eabi/10.3.1/../../../../arm-none-eabi/lib/thumb/v7-m/nofp\libc_nano.a(lib_a-nano-msizer.o)
                0x000000000800660c                _malloc_usable_size_r
 .text.__retarget_lock_acquire_recursive
                0x000000000800661c        0x2 c:/st/stm32cubeide_1.10.1/stm32cubeide/plugins/com.st.stm32cube.ide.mcu.externaltools.gnu-tools-for-stm32.10.3-2021.10.win32_1.0.0.202111181127/tools/bin/../lib/gcc/arm-none-eabi/10.3.1/../../../../arm-none-eabi/lib/thumb/v7-m/nofp\libc_nano.a(lib_a-lock.o)
                0x000000000800661c                __retarget_lock_acquire_recursive
 .text.__retarget_lock_release_recursive
                0x000000000800661e        0x2 c:/st/stm32cubeide_1.10.1/stm32cubeide/plugins/com.st.stm32cube.ide.mcu.externaltools.gnu-tools-for-stm32.10.3-2021.10.win32_1.0.0.202111181127/tools/bin/../lib/gcc/arm-none-eabi/10.3.1/../../../../arm-none-eabi/lib/thumb/v7-m/nofp\libc_nano.a(lib_a-lock.o)
                0x000000000800661e                __retarget_lock_release_recursive
 *(.glue_7)
 .glue_7        0x0000000008006620        0x0 linker stubs
 *(.glue_7t)
 .glue_7t       0x0000000008006620        0x0 linker stubs
 *(.eh_frame)
 .eh_frame      0x0000000008006620        0x0 c:/st/stm32cubeide_1.10.1/stm32cubeide/plugins/com.st.stm32cube.ide.mcu.externaltools.gnu-tools-for-stm32.10.3-2021.10.win32_1.0.0.202111181127/tools/bin/../lib/gcc/arm-none-eabi/10.3.1/thumb/v7-m/nofp/crtbegin.o
 *(.init)
 .init          0x0000000008006620        0x4 c:/st/stm32cubeide_1.10.1/stm32cubeide/plugins/com.st.stm32cube.ide.mcu.externaltools.gnu-tools-for-stm32.10.3-2021.10.win32_1.0.0.202111181127/tools/bin/../lib/gcc/arm-none-eabi/10.3.1/thumb/v7-m/nofp/crti.o
                0x0000000008006620                _init
 .init          0x0000000008006624        0x8 c:/st/stm32cubeide_1.10.1/stm32cubeide/plugins/com.st.stm32cube.ide.mcu.externaltools.gnu-tools-for-stm32.10.3-2021.10.win32_1.0.0.202111181127/tools/bin/../lib/gcc/arm-none-eabi/10.3.1/thumb/v7-m/nofp/crtn.o
 *(.fini)
 .fini          0x000000000800662c        0x4 c:/st/stm32cubeide_1.10.1/stm32cubeide/plugins/com.st.stm32cube.ide.mcu.externaltools.gnu-tools-for-stm32.10.3-2021.10.win32_1.0.0.202111181127/tools/bin/../lib/gcc/arm-none-eabi/10.3.1/thumb/v7-m/nofp/crti.o
                0x000000000800662c                _fini
 .fini          0x0000000008006630        0x8 c:/st/stm32cubeide_1.10.1/stm32cubeide/plugins/com.st.stm32cube.ide.mcu.externaltools.gnu-tools-for-stm32.10.3-2021.10.win32_1.0.0.202111181127/tools/bin/../lib/gcc/arm-none-eabi/10.3.1/thumb/v7-m/nofp/crtn.o
                0x0000000008006638                . = ALIGN (0x4)
                0x0000000008006638                _etext = .

.vfp11_veneer   0x0000000008006638        0x0
 .vfp11_veneer  0x0000000008006638        0x0 linker stubs

.v4_bx          0x0000000008006638        0x0
 .v4_bx         0x0000000008006638        0x0 linker stubs

.iplt           0x0000000008006638        0x0
 .iplt          0x0000000008006638        0x0 c:/st/stm32cubeide_1.10.1/stm32cubeide/plugins/com.st.stm32cube.ide.mcu.externaltools.gnu-tools-for-stm32.10.3-2021.10.win32_1.0.0.202111181127/tools/bin/../lib/gcc/arm-none-eabi/10.3.1/thumb/v7-m/nofp/crtbegin.o

.rodata         0x0000000008006638      0x39c
                0x0000000008006638                . = ALIGN (0x4)
 *(.rodata)
 .rodata        0x0000000008006638      0x348 ./Core/Src/main.o
 .rodata        0x0000000008006980       0x10 ./Drivers/STM32F1xx_HAL_Driver/Src/stm32f1xx_hal_rcc.o
 *(.rodata*)
 .rodata.AHBPrescTable
                0x0000000008006990       0x10 ./Core/Src/system_stm32f1xx.o
                0x0000000008006990                AHBPrescTable
 .rodata._svfprintf_r.str1.1
                0x00000000080069a0       0x11 c:/st/stm32cubeide_1.10.1/stm32cubeide/plugins/com.st.stm32cube.ide.mcu.externaltools.gnu-tools-for-stm32.10.3-2021.10.win32_1.0.0.202111181127/tools/bin/../lib/gcc/arm-none-eabi/10.3.1/../../../../arm-none-eabi/lib/thumb/v7-m/nofp\libc_nano.a(lib_a-nano-svfprintf.o)
 .rodata._printf_i.str1.1
                0x00000000080069b1       0x22 c:/st/stm32cubeide_1.10.1/stm32cubeide/plugins/com.st.stm32cube.ide.mcu.externaltools.gnu-tools-for-stm32.10.3-2021.10.win32_1.0.0.202111181127/tools/bin/../lib/gcc/arm-none-eabi/10.3.1/../../../../arm-none-eabi/lib/thumb/v7-m/nofp\libc_nano.a(lib_a-nano-vfprintf_i.o)
                0x00000000080069d4                . = ALIGN (0x4)
 *fill*         0x00000000080069d3        0x1 

.rel.dyn        0x00000000080069d4        0x0
 .rel.iplt      0x00000000080069d4        0x0 c:/st/stm32cubeide_1.10.1/stm32cubeide/plugins/com.st.stm32cube.ide.mcu.externaltools.gnu-tools-for-stm32.10.3-2021.10.win32_1.0.0.202111181127/tools/bin/../lib/gcc/arm-none-eabi/10.3.1/thumb/v7-m/nofp/crtbegin.o

.ARM.extab      0x00000000080069d4        0x0
                0x00000000080069d4                . = ALIGN (0x4)
 *(.ARM.extab* .gnu.linkonce.armextab.*)
                0x00000000080069d4                . = ALIGN (0x4)

.ARM            0x00000000080069d4        0x0
                0x00000000080069d4                . = ALIGN (0x4)
                0x00000000080069d4                __exidx_start = .
 *(.ARM.exidx*)
                0x00000000080069d4                __exidx_end = .
                0x00000000080069d4                . = ALIGN (0x4)

.preinit_array  0x00000000080069d4        0x0
                0x00000000080069d4                . = ALIGN (0x4)
                0x00000000080069d4                PROVIDE (__preinit_array_start = .)
 *(.preinit_array*)
                0x00000000080069d4                PROVIDE (__preinit_array_end = .)
                0x00000000080069d4                . = ALIGN (0x4)

.init_array     0x00000000080069d4        0x4
                0x00000000080069d4                . = ALIGN (0x4)
                0x00000000080069d4                PROVIDE (__init_array_start = .)
 *(SORT_BY_NAME(.init_array.*))
 *(.init_array*)
 .init_array    0x00000000080069d4        0x4 c:/st/stm32cubeide_1.10.1/stm32cubeide/plugins/com.st.stm32cube.ide.mcu.externaltools.gnu-tools-for-stm32.10.3-2021.10.win32_1.0.0.202111181127/tools/bin/../lib/gcc/arm-none-eabi/10.3.1/thumb/v7-m/nofp/crtbegin.o
                0x00000000080069d8                PROVIDE (__init_array_end = .)
                0x00000000080069d8                . = ALIGN (0x4)

.fini_array     0x00000000080069d8        0x4
                0x00000000080069d8                . = ALIGN (0x4)
                [!provide]                        PROVIDE (__fini_array_start = .)
 *(SORT_BY_NAME(.fini_array.*))
 *(.fini_array*)
 .fini_array    0x00000000080069d8        0x4 c:/st/stm32cubeide_1.10.1/stm32cubeide/plugins/com.st.stm32cube.ide.mcu.externaltools.gnu-tools-for-stm32.10.3-2021.10.win32_1.0.0.202111181127/tools/bin/../lib/gcc/arm-none-eabi/10.3.1/thumb/v7-m/nofp/crtbegin.o
                [!provide]                        PROVIDE (__fini_array_end = .)
                0x00000000080069dc                . = ALIGN (0x4)
                0x00000000080069dc                _sidata = LOADADDR (.data)

.data           0x0000000020000000       0x8c load address 0x00000000080069dc
                0x0000000020000000                . = ALIGN (0x4)
                0x0000000020000000                _sdata = .
 *(.data)
 *(.data*)
 .data.exitmenu
                0x0000000020000000        0x1 ./Core/Src/main.o
                0x0000000020000000                exitmenu
 *fill*         0x0000000020000001        0x3 
 .data.AddressUID
                0x0000000020000004        0x4 ./Core/Src/main.o
                0x0000000020000004                AddressUID
 .data.PassWord
                0x0000000020000008       0x10 ./Core/Src/main.o
                0x0000000020000008                PassWord
 .data.delayloa
                0x0000000020000018        0x4 ./Core/Src/main.o
                0x0000000020000018                delayloa
 .data.SystemCoreClock
                0x000000002000001c        0x4 ./Core/Src/system_stm32f1xx.o
                0x000000002000001c                SystemCoreClock
 .data.uwTickPrio
                0x0000000020000020        0x4 ./Drivers/STM32F1xx_HAL_Driver/Src/stm32f1xx_hal.o
                0x0000000020000020                uwTickPrio
 .data.uwTickFreq
                0x0000000020000024        0x1 ./Drivers/STM32F1xx_HAL_Driver/Src/stm32f1xx_hal.o
                0x0000000020000024                uwTickFreq
 *fill*         0x0000000020000025        0x3 
 .data._impure_ptr
                0x0000000020000028        0x4 c:/st/stm32cubeide_1.10.1/stm32cubeide/plugins/com.st.stm32cube.ide.mcu.externaltools.gnu-tools-for-stm32.10.3-2021.10.win32_1.0.0.202111181127/tools/bin/../lib/gcc/arm-none-eabi/10.3.1/../../../../arm-none-eabi/lib/thumb/v7-m/nofp\libc_nano.a(lib_a-impure.o)
                0x0000000020000028                _impure_ptr
 .data.impure_data
                0x000000002000002c       0x60 c:/st/stm32cubeide_1.10.1/stm32cubeide/plugins/com.st.stm32cube.ide.mcu.externaltools.gnu-tools-for-stm32.10.3-2021.10.win32_1.0.0.202111181127/tools/bin/../lib/gcc/arm-none-eabi/10.3.1/../../../../arm-none-eabi/lib/thumb/v7-m/nofp\libc_nano.a(lib_a-impure.o)
 *(.RamFunc)
 *(.RamFunc*)
                0x000000002000008c                . = ALIGN (0x4)
                0x000000002000008c                _edata = .

.igot.plt       0x000000002000008c        0x0 load address 0x0000000008006a68
 .igot.plt      0x000000002000008c        0x0 c:/st/stm32cubeide_1.10.1/stm32cubeide/plugins/com.st.stm32cube.ide.mcu.externaltools.gnu-tools-for-stm32.10.3-2021.10.win32_1.0.0.202111181127/tools/bin/../lib/gcc/arm-none-eabi/10.3.1/thumb/v7-m/nofp/crtbegin.o
                0x000000002000008c                . = ALIGN (0x4)

.bss            0x0000000020000090      0x170 load address 0x0000000008006a68
                0x0000000020000090                _sbss = .
                0x0000000020000090                __bss_start__ = _sbss
 *(.bss)
 .bss           0x0000000020000090       0x1c c:/st/stm32cubeide_1.10.1/stm32cubeide/plugins/com.st.stm32cube.ide.mcu.externaltools.gnu-tools-for-stm32.10.3-2021.10.win32_1.0.0.202111181127/tools/bin/../lib/gcc/arm-none-eabi/10.3.1/thumb/v7-m/nofp/crtbegin.o
 *(.bss*)
 .bss.hspi1     0x00000000200000ac       0x58 ./Core/Src/main.o
                0x00000000200000ac                hspi1
 .bss.htim2     0x0000000020000104       0x48 ./Core/Src/main.o
                0x0000000020000104                htim2
 .bss.CardID    0x000000002000014c       0x10 ./Core/Src/main.o
                0x000000002000014c                CardID
 .bss.LCD1      0x000000002000015c       0x58 ./Core/Src/main.o
                0x000000002000015c                LCD1
 .bss.str       0x00000000200001b4       0x14 ./Core/Src/main.o
                0x00000000200001b4                str
 .bss.__sbrk_heap_end
                0x00000000200001c8        0x4 ./Core/Src/sysmem.o
 .bss.uwTick    0x00000000200001cc        0x4 ./Drivers/STM32F1xx_HAL_Driver/Src/stm32f1xx_hal.o
                0x00000000200001cc                uwTick
 .bss.pFlash    0x00000000200001d0       0x20 ./Drivers/STM32F1xx_HAL_Driver/Src/stm32f1xx_hal_flash.o
                0x00000000200001d0                pFlash
 .bss.__malloc_free_list
                0x00000000200001f0        0x4 c:/st/stm32cubeide_1.10.1/stm32cubeide/plugins/com.st.stm32cube.ide.mcu.externaltools.gnu-tools-for-stm32.10.3-2021.10.win32_1.0.0.202111181127/tools/bin/../lib/gcc/arm-none-eabi/10.3.1/../../../../arm-none-eabi/lib/thumb/v7-m/nofp\libc_nano.a(lib_a-nano-mallocr.o)
                0x00000000200001f0                __malloc_free_list
 .bss.__malloc_sbrk_start
                0x00000000200001f4        0x4 c:/st/stm32cubeide_1.10.1/stm32cubeide/plugins/com.st.stm32cube.ide.mcu.externaltools.gnu-tools-for-stm32.10.3-2021.10.win32_1.0.0.202111181127/tools/bin/../lib/gcc/arm-none-eabi/10.3.1/../../../../arm-none-eabi/lib/thumb/v7-m/nofp\libc_nano.a(lib_a-nano-mallocr.o)
                0x00000000200001f4                __malloc_sbrk_start
 .bss.errno     0x00000000200001f8        0x4 c:/st/stm32cubeide_1.10.1/stm32cubeide/plugins/com.st.stm32cube.ide.mcu.externaltools.gnu-tools-for-stm32.10.3-2021.10.win32_1.0.0.202111181127/tools/bin/../lib/gcc/arm-none-eabi/10.3.1/../../../../arm-none-eabi/lib/thumb/v7-m/nofp\libc_nano.a(lib_a-reent.o)
                0x00000000200001f8                errno
 .bss.__lock___malloc_recursive_mutex
                0x00000000200001fc        0x1 c:/st/stm32cubeide_1.10.1/stm32cubeide/plugins/com.st.stm32cube.ide.mcu.externaltools.gnu-tools-for-stm32.10.3-2021.10.win32_1.0.0.202111181127/tools/bin/../lib/gcc/arm-none-eabi/10.3.1/../../../../arm-none-eabi/lib/thumb/v7-m/nofp\libc_nano.a(lib_a-lock.o)
                0x00000000200001fc                __lock___malloc_recursive_mutex
 *(COMMON)
                0x0000000020000200                . = ALIGN (0x4)
 *fill*         0x00000000200001fd        0x3 
                0x0000000020000200                _ebss = .
                0x0000000020000200                __bss_end__ = _ebss

._user_heap_stack
                0x0000000020000200      0x600 load address 0x0000000008006a68
                0x0000000020000200                . = ALIGN (0x8)
                [!provide]                        PROVIDE (end = .)
                0x0000000020000200                PROVIDE (_end = .)
                0x0000000020000400                . = (. + _Min_Heap_Size)
 *fill*         0x0000000020000200      0x200 
                0x0000000020000800                . = (. + _Min_Stack_Size)
 *fill*         0x0000000020000400      0x400 
                0x0000000020000800                . = ALIGN (0x8)

/DISCARD/
 libc.a(*)
 libm.a(*)
 libgcc.a(*)

.ARM.attributes
                0x0000000000000000       0x29
 *(.ARM.attributes)
 .ARM.attributes
                0x0000000000000000       0x1d c:/st/stm32cubeide_1.10.1/stm32cubeide/plugins/com.st.stm32cube.ide.mcu.externaltools.gnu-tools-for-stm32.10.3-2021.10.win32_1.0.0.202111181127/tools/bin/../lib/gcc/arm-none-eabi/10.3.1/thumb/v7-m/nofp/crti.o
 .ARM.attributes
                0x000000000000001d       0x2d c:/st/stm32cubeide_1.10.1/stm32cubeide/plugins/com.st.stm32cube.ide.mcu.externaltools.gnu-tools-for-stm32.10.3-2021.10.win32_1.0.0.202111181127/tools/bin/../lib/gcc/arm-none-eabi/10.3.1/thumb/v7-m/nofp/crtbegin.o
 .ARM.attributes
                0x000000000000004a       0x2d ./Core/Src/flash.o
 .ARM.attributes
                0x0000000000000077       0x2d ./Core/Src/lcd.o
 .ARM.attributes
                0x00000000000000a4       0x2d ./Core/Src/main.o
 .ARM.attributes
                0x00000000000000d1       0x2d ./Core/Src/rc522.o
 .ARM.attributes
                0x00000000000000fe       0x2d ./Core/Src/stm32f1xx_hal_msp.o
 .ARM.attributes
                0x000000000000012b       0x2d ./Core/Src/stm32f1xx_it.o
 .ARM.attributes
                0x0000000000000158       0x2d ./Core/Src/sysmem.o
 .ARM.attributes
                0x0000000000000185       0x2d ./Core/Src/system_stm32f1xx.o
 .ARM.attributes
                0x00000000000001b2       0x21 ./Core/Startup/startup_stm32f103c8tx.o
 .ARM.attributes
                0x00000000000001d3       0x2d ./Drivers/STM32F1xx_HAL_Driver/Src/stm32f1xx_hal.o
 .ARM.attributes
                0x0000000000000200       0x2d ./Drivers/STM32F1xx_HAL_Driver/Src/stm32f1xx_hal_cortex.o
 .ARM.attributes
                0x000000000000022d       0x2d ./Drivers/STM32F1xx_HAL_Driver/Src/stm32f1xx_hal_flash.o
 .ARM.attributes
                0x000000000000025a       0x2d ./Drivers/STM32F1xx_HAL_Driver/Src/stm32f1xx_hal_flash_ex.o
 .ARM.attributes
                0x0000000000000287       0x2d ./Drivers/STM32F1xx_HAL_Driver/Src/stm32f1xx_hal_gpio.o
 .ARM.attributes
                0x00000000000002b4       0x2d ./Drivers/STM32F1xx_HAL_Driver/Src/stm32f1xx_hal_rcc.o
 .ARM.attributes
                0x00000000000002e1       0x2d ./Drivers/STM32F1xx_HAL_Driver/Src/stm32f1xx_hal_spi.o
 .ARM.attributes
                0x000000000000030e       0x2d ./Drivers/STM32F1xx_HAL_Driver/Src/stm32f1xx_hal_tim.o
 .ARM.attributes
                0x000000000000033b       0x2d ./Drivers/STM32F1xx_HAL_Driver/Src/stm32f1xx_hal_tim_ex.o
 .ARM.attributes
                0x0000000000000368       0x2d c:/st/stm32cubeide_1.10.1/stm32cubeide/plugins/com.st.stm32cube.ide.mcu.externaltools.gnu-tools-for-stm32.10.3-2021.10.win32_1.0.0.202111181127/tools/bin/../lib/gcc/arm-none-eabi/10.3.1/../../../../arm-none-eabi/lib/thumb/v7-m/nofp\libc_nano.a(lib_a-errno.o)
 .ARM.attributes
                0x0000000000000395       0x2d c:/st/stm32cubeide_1.10.1/stm32cubeide/plugins/com.st.stm32cube.ide.mcu.externaltools.gnu-tools-for-stm32.10.3-2021.10.win32_1.0.0.202111181127/tools/bin/../lib/gcc/arm-none-eabi/10.3.1/../../../../arm-none-eabi/lib/thumb/v7-m/nofp\libc_nano.a(lib_a-impure.o)
 .ARM.attributes
                0x00000000000003c2       0x2d c:/st/stm32cubeide_1.10.1/stm32cubeide/plugins/com.st.stm32cube.ide.mcu.externaltools.gnu-tools-for-stm32.10.3-2021.10.win32_1.0.0.202111181127/tools/bin/../lib/gcc/arm-none-eabi/10.3.1/../../../../arm-none-eabi/lib/thumb/v7-m/nofp\libc_nano.a(lib_a-init.o)
 .ARM.attributes
                0x00000000000003ef       0x2d c:/st/stm32cubeide_1.10.1/stm32cubeide/plugins/com.st.stm32cube.ide.mcu.externaltools.gnu-tools-for-stm32.10.3-2021.10.win32_1.0.0.202111181127/tools/bin/../lib/gcc/arm-none-eabi/10.3.1/../../../../arm-none-eabi/lib/thumb/v7-m/nofp\libc_nano.a(lib_a-memset.o)
 .ARM.attributes
                0x000000000000041c       0x2d c:/st/stm32cubeide_1.10.1/stm32cubeide/plugins/com.st.stm32cube.ide.mcu.externaltools.gnu-tools-for-stm32.10.3-2021.10.win32_1.0.0.202111181127/tools/bin/../lib/gcc/arm-none-eabi/10.3.1/../../../../arm-none-eabi/lib/thumb/v7-m/nofp\libc_nano.a(lib_a-sprintf.o)
 .ARM.attributes
                0x0000000000000449       0x2d c:/st/stm32cubeide_1.10.1/stm32cubeide/plugins/com.st.stm32cube.ide.mcu.externaltools.gnu-tools-for-stm32.10.3-2021.10.win32_1.0.0.202111181127/tools/bin/../lib/gcc/arm-none-eabi/10.3.1/../../../../arm-none-eabi/lib/thumb/v7-m/nofp\libc_nano.a(lib_a-nano-svfprintf.o)
 .ARM.attributes
                0x0000000000000476       0x2d c:/st/stm32cubeide_1.10.1/stm32cubeide/plugins/com.st.stm32cube.ide.mcu.externaltools.gnu-tools-for-stm32.10.3-2021.10.win32_1.0.0.202111181127/tools/bin/../lib/gcc/arm-none-eabi/10.3.1/../../../../arm-none-eabi/lib/thumb/v7-m/nofp\libc_nano.a(lib_a-nano-vfprintf_i.o)
 .ARM.attributes
                0x00000000000004a3       0x2d c:/st/stm32cubeide_1.10.1/stm32cubeide/plugins/com.st.stm32cube.ide.mcu.externaltools.gnu-tools-for-stm32.10.3-2021.10.win32_1.0.0.202111181127/tools/bin/../lib/gcc/arm-none-eabi/10.3.1/../../../../arm-none-eabi/lib/thumb/v7-m/nofp\libc_nano.a(lib_a-memchr-stub.o)
 .ARM.attributes
                0x00000000000004d0       0x2d c:/st/stm32cubeide_1.10.1/stm32cubeide/plugins/com.st.stm32cube.ide.mcu.externaltools.gnu-tools-for-stm32.10.3-2021.10.win32_1.0.0.202111181127/tools/bin/../lib/gcc/arm-none-eabi/10.3.1/../../../../arm-none-eabi/lib/thumb/v7-m/nofp\libc_nano.a(lib_a-memcpy-stub.o)
 .ARM.attributes
                0x00000000000004fd       0x2d c:/st/stm32cubeide_1.10.1/stm32cubeide/plugins/com.st.stm32cube.ide.mcu.externaltools.gnu-tools-for-stm32.10.3-2021.10.win32_1.0.0.202111181127/tools/bin/../lib/gcc/arm-none-eabi/10.3.1/../../../../arm-none-eabi/lib/thumb/v7-m/nofp\libc_nano.a(lib_a-memmove.o)
 .ARM.attributes
                0x000000000000052a       0x2d c:/st/stm32cubeide_1.10.1/stm32cubeide/plugins/com.st.stm32cube.ide.mcu.externaltools.gnu-tools-for-stm32.10.3-2021.10.win32_1.0.0.202111181127/tools/bin/../lib/gcc/arm-none-eabi/10.3.1/../../../../arm-none-eabi/lib/thumb/v7-m/nofp\libc_nano.a(lib_a-nano-freer.o)
 .ARM.attributes
                0x0000000000000557       0x2d c:/st/stm32cubeide_1.10.1/stm32cubeide/plugins/com.st.stm32cube.ide.mcu.externaltools.gnu-tools-for-stm32.10.3-2021.10.win32_1.0.0.202111181127/tools/bin/../lib/gcc/arm-none-eabi/10.3.1/../../../../arm-none-eabi/lib/thumb/v7-m/nofp\libc_nano.a(lib_a-nano-mallocr.o)
 .ARM.attributes
                0x0000000000000584       0x2d c:/st/stm32cubeide_1.10.1/stm32cubeide/plugins/com.st.stm32cube.ide.mcu.externaltools.gnu-tools-for-stm32.10.3-2021.10.win32_1.0.0.202111181127/tools/bin/../lib/gcc/arm-none-eabi/10.3.1/../../../../arm-none-eabi/lib/thumb/v7-m/nofp\libc_nano.a(lib_a-nano-reallocr.o)
 .ARM.attributes
                0x00000000000005b1       0x2d c:/st/stm32cubeide_1.10.1/stm32cubeide/plugins/com.st.stm32cube.ide.mcu.externaltools.gnu-tools-for-stm32.10.3-2021.10.win32_1.0.0.202111181127/tools/bin/../lib/gcc/arm-none-eabi/10.3.1/../../../../arm-none-eabi/lib/thumb/v7-m/nofp\libc_nano.a(lib_a-sbrkr.o)
 .ARM.attributes
                0x00000000000005de       0x2d c:/st/stm32cubeide_1.10.1/stm32cubeide/plugins/com.st.stm32cube.ide.mcu.externaltools.gnu-tools-for-stm32.10.3-2021.10.win32_1.0.0.202111181127/tools/bin/../lib/gcc/arm-none-eabi/10.3.1/../../../../arm-none-eabi/lib/thumb/v7-m/nofp\libc_nano.a(lib_a-mlock.o)
 .ARM.attributes
                0x000000000000060b       0x2d c:/st/stm32cubeide_1.10.1/stm32cubeide/plugins/com.st.stm32cube.ide.mcu.externaltools.gnu-tools-for-stm32.10.3-2021.10.win32_1.0.0.202111181127/tools/bin/../lib/gcc/arm-none-eabi/10.3.1/../../../../arm-none-eabi/lib/thumb/v7-m/nofp\libc_nano.a(lib_a-nano-msizer.o)
 .ARM.attributes
                0x0000000000000638       0x2d c:/st/stm32cubeide_1.10.1/stm32cubeide/plugins/com.st.stm32cube.ide.mcu.externaltools.gnu-tools-for-stm32.10.3-2021.10.win32_1.0.0.202111181127/tools/bin/../lib/gcc/arm-none-eabi/10.3.1/../../../../arm-none-eabi/lib/thumb/v7-m/nofp\libc_nano.a(lib_a-reent.o)
 .ARM.attributes
                0x0000000000000665       0x2d c:/st/stm32cubeide_1.10.1/stm32cubeide/plugins/com.st.stm32cube.ide.mcu.externaltools.gnu-tools-for-stm32.10.3-2021.10.win32_1.0.0.202111181127/tools/bin/../lib/gcc/arm-none-eabi/10.3.1/../../../../arm-none-eabi/lib/thumb/v7-m/nofp\libc_nano.a(lib_a-lock.o)
 .ARM.attributes
                0x0000000000000692       0x1d c:/st/stm32cubeide_1.10.1/stm32cubeide/plugins/com.st.stm32cube.ide.mcu.externaltools.gnu-tools-for-stm32.10.3-2021.10.win32_1.0.0.202111181127/tools/bin/../lib/gcc/arm-none-eabi/10.3.1/thumb/v7-m/nofp/crtn.o
OUTPUT(btlrfid.elf elf32-littlearm)
LOAD linker stubs
LOAD c:/st/stm32cubeide_1.10.1/stm32cubeide/plugins/com.st.stm32cube.ide.mcu.externaltools.gnu-tools-for-stm32.10.3-2021.10.win32_1.0.0.202111181127/tools/bin/../lib/gcc/arm-none-eabi/10.3.1/../../../../arm-none-eabi/lib/thumb/v7-m/nofp\libc.a
LOAD c:/st/stm32cubeide_1.10.1/stm32cubeide/plugins/com.st.stm32cube.ide.mcu.externaltools.gnu-tools-for-stm32.10.3-2021.10.win32_1.0.0.202111181127/tools/bin/../lib/gcc/arm-none-eabi/10.3.1/../../../../arm-none-eabi/lib/thumb/v7-m/nofp\libm.a
LOAD c:/st/stm32cubeide_1.10.1/stm32cubeide/plugins/com.st.stm32cube.ide.mcu.externaltools.gnu-tools-for-stm32.10.3-2021.10.win32_1.0.0.202111181127/tools/bin/../lib/gcc/arm-none-eabi/10.3.1/thumb/v7-m/nofp\libgcc.a

.debug_info     0x0000000000000000     0xcd5f
 .debug_info    0x0000000000000000      0x3cc ./Core/Src/flash.o
 .debug_info    0x00000000000003cc      0x81b ./Core/Src/lcd.o
 .debug_info    0x0000000000000be7     0x1806 ./Core/Src/main.o
 .debug_info    0x00000000000023ed      0xdb0 ./Core/Src/rc522.o
 .debug_info    0x000000000000319d      0xdca ./Core/Src/stm32f1xx_hal_msp.o
 .debug_info    0x0000000000003f67      0x6ea ./Core/Src/stm32f1xx_it.o
 .debug_info    0x0000000000004651      0x171 ./Core/Src/sysmem.o
 .debug_info    0x00000000000047c2      0x23d ./Core/Src/system_stm32f1xx.o
 .debug_info    0x00000000000049ff       0x22 ./Core/Startup/startup_stm32f103c8tx.o
 .debug_info    0x0000000000004a21      0x734 ./Drivers/STM32F1xx_HAL_Driver/Src/stm32f1xx_hal.o
 .debug_info    0x0000000000005155      0xb20 ./Drivers/STM32F1xx_HAL_Driver/Src/stm32f1xx_hal_cortex.o
 .debug_info    0x0000000000005c75      0x547 ./Drivers/STM32F1xx_HAL_Driver/Src/stm32f1xx_hal_flash.o
 .debug_info    0x00000000000061bc      0x7e5 ./Drivers/STM32F1xx_HAL_Driver/Src/stm32f1xx_hal_flash_ex.o
 .debug_info    0x00000000000069a1      0x615 ./Drivers/STM32F1xx_HAL_Driver/Src/stm32f1xx_hal_gpio.o
 .debug_info    0x0000000000006fb6      0x860 ./Drivers/STM32F1xx_HAL_Driver/Src/stm32f1xx_hal_rcc.o
 .debug_info    0x0000000000007816     0x1658 ./Drivers/STM32F1xx_HAL_Driver/Src/stm32f1xx_hal_spi.o
 .debug_info    0x0000000000008e6e     0x29de ./Drivers/STM32F1xx_HAL_Driver/Src/stm32f1xx_hal_tim.o
 .debug_info    0x000000000000b84c     0x1513 ./Drivers/STM32F1xx_HAL_Driver/Src/stm32f1xx_hal_tim_ex.o

.debug_abbrev   0x0000000000000000     0x2379
 .debug_abbrev  0x0000000000000000      0x160 ./Core/Src/flash.o
 .debug_abbrev  0x0000000000000160      0x1b9 ./Core/Src/lcd.o
 .debug_abbrev  0x0000000000000319      0x361 ./Core/Src/main.o
 .debug_abbrev  0x000000000000067a      0x2b5 ./Core/Src/rc522.o
 .debug_abbrev  0x000000000000092f      0x1c5 ./Core/Src/stm32f1xx_hal_msp.o
 .debug_abbrev  0x0000000000000af4      0x184 ./Core/Src/stm32f1xx_it.o
 .debug_abbrev  0x0000000000000c78       0xbb ./Core/Src/sysmem.o
 .debug_abbrev  0x0000000000000d33      0x13b ./Core/Src/system_stm32f1xx.o
 .debug_abbrev  0x0000000000000e6e       0x12 ./Core/Startup/startup_stm32f103c8tx.o
 .debug_abbrev  0x0000000000000e80      0x1fb ./Drivers/STM32F1xx_HAL_Driver/Src/stm32f1xx_hal.o
 .debug_abbrev  0x000000000000107b      0x2ed ./Drivers/STM32F1xx_HAL_Driver/Src/stm32f1xx_hal_cortex.o
 .debug_abbrev  0x0000000000001368      0x243 ./Drivers/STM32F1xx_HAL_Driver/Src/stm32f1xx_hal_flash.o
 .debug_abbrev  0x00000000000015ab      0x23b ./Drivers/STM32F1xx_HAL_Driver/Src/stm32f1xx_hal_flash_ex.o
 .debug_abbrev  0x00000000000017e6      0x1bb ./Drivers/STM32F1xx_HAL_Driver/Src/stm32f1xx_hal_gpio.o
 .debug_abbrev  0x00000000000019a1      0x2a8 ./Drivers/STM32F1xx_HAL_Driver/Src/stm32f1xx_hal_rcc.o
 .debug_abbrev  0x0000000000001c49      0x26e ./Drivers/STM32F1xx_HAL_Driver/Src/stm32f1xx_hal_spi.o
 .debug_abbrev  0x0000000000001eb7      0x25d ./Drivers/STM32F1xx_HAL_Driver/Src/stm32f1xx_hal_tim.o
 .debug_abbrev  0x0000000000002114      0x265 ./Drivers/STM32F1xx_HAL_Driver/Src/stm32f1xx_hal_tim_ex.o

.debug_aranges  0x0000000000000000      0xe60
 .debug_aranges
                0x0000000000000000       0x60 ./Core/Src/flash.o
 .debug_aranges
                0x0000000000000060       0x88 ./Core/Src/lcd.o
 .debug_aranges
                0x00000000000000e8       0xb8 ./Core/Src/main.o
 .debug_aranges
                0x00000000000001a0       0xb8 ./Core/Src/rc522.o
 .debug_aranges
                0x0000000000000258       0x40 ./Core/Src/stm32f1xx_hal_msp.o
 .debug_aranges
                0x0000000000000298       0x68 ./Core/Src/stm32f1xx_it.o
 .debug_aranges
                0x0000000000000300       0x20 ./Core/Src/sysmem.o
 .debug_aranges
                0x0000000000000320       0x28 ./Core/Src/system_stm32f1xx.o
 .debug_aranges
                0x0000000000000348       0x28 ./Core/Startup/startup_stm32f103c8tx.o
 .debug_aranges
                0x0000000000000370       0xe0 ./Drivers/STM32F1xx_HAL_Driver/Src/stm32f1xx_hal.o
 .debug_aranges
                0x0000000000000450      0x100 ./Drivers/STM32F1xx_HAL_Driver/Src/stm32f1xx_hal_cortex.o
 .debug_aranges
                0x0000000000000550       0x88 ./Drivers/STM32F1xx_HAL_Driver/Src/stm32f1xx_hal_flash.o
 .debug_aranges
                0x00000000000005d8       0x98 ./Drivers/STM32F1xx_HAL_Driver/Src/stm32f1xx_hal_flash_ex.o
 .debug_aranges
                0x0000000000000670       0x58 ./Drivers/STM32F1xx_HAL_Driver/Src/stm32f1xx_hal_gpio.o
 .debug_aranges
                0x00000000000006c8       0x90 ./Drivers/STM32F1xx_HAL_Driver/Src/stm32f1xx_hal_rcc.o
 .debug_aranges
                0x0000000000000758      0x1d0 ./Drivers/STM32F1xx_HAL_Driver/Src/stm32f1xx_hal_spi.o
 .debug_aranges
                0x0000000000000928      0x3d0 ./Drivers/STM32F1xx_HAL_Driver/Src/stm32f1xx_hal_tim.o
 .debug_aranges
                0x0000000000000cf8      0x168 ./Drivers/STM32F1xx_HAL_Driver/Src/stm32f1xx_hal_tim_ex.o

.debug_ranges   0x0000000000000000      0xd48
 .debug_ranges  0x0000000000000000       0x50 ./Core/Src/flash.o
 .debug_ranges  0x0000000000000050       0x78 ./Core/Src/lcd.o
 .debug_ranges  0x00000000000000c8       0xa8 ./Core/Src/main.o
 .debug_ranges  0x0000000000000170       0xa8 ./Core/Src/rc522.o
 .debug_ranges  0x0000000000000218       0x30 ./Core/Src/stm32f1xx_hal_msp.o
 .debug_ranges  0x0000000000000248       0x58 ./Core/Src/stm32f1xx_it.o
 .debug_ranges  0x00000000000002a0       0x10 ./Core/Src/sysmem.o
 .debug_ranges  0x00000000000002b0       0x18 ./Core/Src/system_stm32f1xx.o
 .debug_ranges  0x00000000000002c8       0x20 ./Core/Startup/startup_stm32f103c8tx.o
 .debug_ranges  0x00000000000002e8       0xd0 ./Drivers/STM32F1xx_HAL_Driver/Src/stm32f1xx_hal.o
 .debug_ranges  0x00000000000003b8       0xf0 ./Drivers/STM32F1xx_HAL_Driver/Src/stm32f1xx_hal_cortex.o
 .debug_ranges  0x00000000000004a8       0x78 ./Drivers/STM32F1xx_HAL_Driver/Src/stm32f1xx_hal_flash.o
 .debug_ranges  0x0000000000000520       0x88 ./Drivers/STM32F1xx_HAL_Driver/Src/stm32f1xx_hal_flash_ex.o
 .debug_ranges  0x00000000000005a8       0x48 ./Drivers/STM32F1xx_HAL_Driver/Src/stm32f1xx_hal_gpio.o
 .debug_ranges  0x00000000000005f0       0x80 ./Drivers/STM32F1xx_HAL_Driver/Src/stm32f1xx_hal_rcc.o
 .debug_ranges  0x0000000000000670      0x1c0 ./Drivers/STM32F1xx_HAL_Driver/Src/stm32f1xx_hal_spi.o
 .debug_ranges  0x0000000000000830      0x3c0 ./Drivers/STM32F1xx_HAL_Driver/Src/stm32f1xx_hal_tim.o
 .debug_ranges  0x0000000000000bf0      0x158 ./Drivers/STM32F1xx_HAL_Driver/Src/stm32f1xx_hal_tim_ex.o

.debug_macro    0x0000000000000000    0x188ed
 .debug_macro   0x0000000000000000      0x27b ./Core/Src/flash.o
 .debug_macro   0x000000000000027b      0xa6c ./Core/Src/flash.o
 .debug_macro   0x0000000000000ce7      0x21b ./Core/Src/flash.o
 .debug_macro   0x0000000000000f02       0x2e ./Core/Src/flash.o
 .debug_macro   0x0000000000000f30       0x22 ./Core/Src/flash.o
 .debug_macro   0x0000000000000f52       0x22 ./Core/Src/flash.o
 .debug_macro   0x0000000000000f74       0x8e ./Core/Src/flash.o
 .debug_macro   0x0000000000001002       0x51 ./Core/Src/flash.o
 .debug_macro   0x0000000000001053      0x103 ./Core/Src/flash.o
 .debug_macro   0x0000000000001156       0x6a ./Core/Src/flash.o
 .debug_macro   0x00000000000011c0      0x1df ./Core/Src/flash.o
 .debug_macro   0x000000000000139f       0x1c ./Core/Src/flash.o
 .debug_macro   0x00000000000013bb       0x22 ./Core/Src/flash.o
 .debug_macro   0x00000000000013dd       0xbd ./Core/Src/flash.o
 .debug_macro   0x000000000000149a      0xd23 ./Core/Src/flash.o
 .debug_macro   0x00000000000021bd     0xe09e ./Core/Src/flash.o
 .debug_macro   0x000000000001025b       0x6d ./Core/Src/flash.o
 .debug_macro   0x00000000000102c8     0x3468 ./Core/Src/flash.o
 .debug_macro   0x0000000000013730      0x174 ./Core/Src/flash.o
 .debug_macro   0x00000000000138a4       0x5c ./Core/Src/flash.o
 .debug_macro   0x0000000000013900      0x5be ./Core/Src/flash.o
 .debug_macro   0x0000000000013ebe      0x289 ./Core/Src/flash.o
 .debug_macro   0x0000000000014147      0x1cb ./Core/Src/flash.o
 .debug_macro   0x0000000000014312      0x114 ./Core/Src/flash.o
 .debug_macro   0x0000000000014426      0x1b2 ./Core/Src/flash.o
 .debug_macro   0x00000000000145d8       0x27 ./Core/Src/flash.o
 .debug_macro   0x00000000000145ff      0x136 ./Core/Src/flash.o
 .debug_macro   0x0000000000014735      0x1bc ./Core/Src/flash.o
 .debug_macro   0x00000000000148f1       0x34 ./Core/Src/flash.o
 .debug_macro   0x0000000000014925       0x3c ./Core/Src/flash.o
 .debug_macro   0x0000000000014961       0x57 ./Core/Src/flash.o
 .debug_macro   0x00000000000149b8       0x88 ./Core/Src/flash.o
 .debug_macro   0x0000000000014a40      0x241 ./Core/Src/flash.o
 .debug_macro   0x0000000000014c81      0x141 ./Core/Src/flash.o
 .debug_macro   0x0000000000014dc2      0x217 ./Core/Src/flash.o
 .debug_macro   0x0000000000014fd9      0x8d1 ./Core/Src/flash.o
 .debug_macro   0x00000000000158aa       0x83 ./Core/Src/flash.o
 .debug_macro   0x000000000001592d       0x52 ./Core/Src/flash.o
 .debug_macro   0x000000000001597f       0x18 ./Core/Src/flash.o
 .debug_macro   0x0000000000015997       0x3c ./Core/Src/flash.o
 .debug_macro   0x00000000000159d3       0x34 ./Core/Src/flash.o
 .debug_macro   0x0000000000015a07       0x16 ./Core/Src/flash.o
 .debug_macro   0x0000000000015a1d       0x43 ./Core/Src/flash.o
 .debug_macro   0x0000000000015a60       0x34 ./Core/Src/flash.o
 .debug_macro   0x0000000000015a94       0x10 ./Core/Src/flash.o
 .debug_macro   0x0000000000015aa4       0x58 ./Core/Src/flash.o
 .debug_macro   0x0000000000015afc       0x71 ./Core/Src/flash.o
 .debug_macro   0x0000000000015b6d       0x1c ./Core/Src/flash.o
 .debug_macro   0x0000000000015b89      0x12a ./Core/Src/flash.o
 .debug_macro   0x0000000000015cb3      0x341 ./Core/Src/flash.o
 .debug_macro   0x0000000000015ff4       0x10 ./Core/Src/flash.o
 .debug_macro   0x0000000000016004       0x35 ./Core/Src/flash.o
 .debug_macro   0x0000000000016039       0x20 ./Core/Src/flash.o
 .debug_macro   0x0000000000016059      0x1b2 ./Core/Src/lcd.o
 .debug_macro   0x000000000001620b       0xb8 ./Core/Src/lcd.o
 .debug_macro   0x00000000000162c3      0x363 ./Core/Src/main.o
 .debug_macro   0x0000000000016626       0xa0 ./Core/Src/main.o
 .debug_macro   0x00000000000166c6       0x16 ./Core/Src/main.o
 .debug_macro   0x00000000000166dc       0x10 ./Core/Src/main.o
 .debug_macro   0x00000000000166ec       0x10 ./Core/Src/main.o
 .debug_macro   0x00000000000166fc       0x1c ./Core/Src/main.o
 .debug_macro   0x0000000000016718       0x52 ./Core/Src/main.o
 .debug_macro   0x000000000001676a       0x22 ./Core/Src/main.o
 .debug_macro   0x000000000001678c       0x10 ./Core/Src/main.o
 .debug_macro   0x000000000001679c       0x52 ./Core/Src/main.o
 .debug_macro   0x00000000000167ee       0xd5 ./Core/Src/main.o
 .debug_macro   0x00000000000168c3       0x1c ./Core/Src/main.o
 .debug_macro   0x00000000000168df       0x3d ./Core/Src/main.o
 .debug_macro   0x000000000001691c       0x16 ./Core/Src/main.o
 .debug_macro   0x0000000000016932      0x145 ./Core/Src/main.o
 .debug_macro   0x0000000000016a77       0xbe ./Core/Src/main.o
 .debug_macro   0x0000000000016b35      0x21a ./Core/Src/main.o
 .debug_macro   0x0000000000016d4f       0x16 ./Core/Src/main.o
 .debug_macro   0x0000000000016d65      0x1b2 ./Core/Src/rc522.o
 .debug_macro   0x0000000000016f17      0x214 ./Core/Src/rc522.o
 .debug_macro   0x000000000001712b      0x1b2 ./Core/Src/stm32f1xx_hal_msp.o
 .debug_macro   0x00000000000172dd      0x1bc ./Core/Src/stm32f1xx_it.o
 .debug_macro   0x0000000000017499       0xff ./Core/Src/sysmem.o
 .debug_macro   0x0000000000017598      0x23b ./Core/Src/sysmem.o
 .debug_macro   0x00000000000177d3      0x1a3 ./Core/Src/system_stm32f1xx.o
 .debug_macro   0x0000000000017976      0x1c7 ./Drivers/STM32F1xx_HAL_Driver/Src/stm32f1xx_hal.o
 .debug_macro   0x0000000000017b3d      0x1a3 ./Drivers/STM32F1xx_HAL_Driver/Src/stm32f1xx_hal_cortex.o
 .debug_macro   0x0000000000017ce0      0x1a3 ./Drivers/STM32F1xx_HAL_Driver/Src/stm32f1xx_hal_flash.o
 .debug_macro   0x0000000000017e83      0x1b5 ./Drivers/STM32F1xx_HAL_Driver/Src/stm32f1xx_hal_flash_ex.o
 .debug_macro   0x0000000000018038      0x20e ./Drivers/STM32F1xx_HAL_Driver/Src/stm32f1xx_hal_gpio.o
 .debug_macro   0x0000000000018246      0x1b5 ./Drivers/STM32F1xx_HAL_Driver/Src/stm32f1xx_hal_rcc.o
 .debug_macro   0x00000000000183fb      0x1ab ./Drivers/STM32F1xx_HAL_Driver/Src/stm32f1xx_hal_spi.o
 .debug_macro   0x00000000000185a6      0x1a4 ./Drivers/STM32F1xx_HAL_Driver/Src/stm32f1xx_hal_tim.o
 .debug_macro   0x000000000001874a      0x1a3 ./Drivers/STM32F1xx_HAL_Driver/Src/stm32f1xx_hal_tim_ex.o

.debug_line     0x0000000000000000     0xf564
 .debug_line    0x0000000000000000      0x8fe ./Core/Src/flash.o
 .debug_line    0x00000000000008fe      0x990 ./Core/Src/lcd.o
 .debug_line    0x000000000000128e     0x15ac ./Core/Src/main.o
 .debug_line    0x000000000000283a      0xbeb ./Core/Src/rc522.o
 .debug_line    0x0000000000003425      0x6ff ./Core/Src/stm32f1xx_hal_msp.o
 .debug_line    0x0000000000003b24      0x74b ./Core/Src/stm32f1xx_it.o
 .debug_line    0x000000000000426f      0x4ea ./Core/Src/sysmem.o
 .debug_line    0x0000000000004759      0x6ef ./Core/Src/system_stm32f1xx.o
 .debug_line    0x0000000000004e48       0x87 ./Core/Startup/startup_stm32f103c8tx.o
 .debug_line    0x0000000000004ecf      0x91c ./Drivers/STM32F1xx_HAL_Driver/Src/stm32f1xx_hal.o
 .debug_line    0x00000000000057eb      0xb04 ./Drivers/STM32F1xx_HAL_Driver/Src/stm32f1xx_hal_cortex.o
 .debug_line    0x00000000000062ef      0x9f9 ./Drivers/STM32F1xx_HAL_Driver/Src/stm32f1xx_hal_flash.o
 .debug_line    0x0000000000006ce8      0xae8 ./Drivers/STM32F1xx_HAL_Driver/Src/stm32f1xx_hal_flash_ex.o
 .debug_line    0x00000000000077d0      0x9b3 ./Drivers/STM32F1xx_HAL_Driver/Src/stm32f1xx_hal_gpio.o
 .debug_line    0x0000000000008183      0xd2a ./Drivers/STM32F1xx_HAL_Driver/Src/stm32f1xx_hal_rcc.o
 .debug_line    0x0000000000008ead     0x1ba1 ./Drivers/STM32F1xx_HAL_Driver/Src/stm32f1xx_hal_spi.o
 .debug_line    0x000000000000aa4e     0x32d2 ./Drivers/STM32F1xx_HAL_Driver/Src/stm32f1xx_hal_tim.o
 .debug_line    0x000000000000dd20     0x1844 ./Drivers/STM32F1xx_HAL_Driver/Src/stm32f1xx_hal_tim_ex.o

.debug_str      0x0000000000000000    0x8b622
 .debug_str     0x0000000000000000    0x856f0 ./Core/Src/flash.o
                                      0x85a57 (size before relaxing)
 .debug_str     0x00000000000856f0      0x4a9 ./Core/Src/lcd.o
                                      0x82f59 (size before relaxing)
 .debug_str     0x0000000000085b99     0x25fa ./Core/Src/main.o
                                      0x8840f (size before relaxing)
 .debug_str     0x0000000000088193      0x2d0 ./Core/Src/rc522.o
                                      0x83af4 (size before relaxing)
 .debug_str     0x0000000000088463      0x371 ./Core/Src/stm32f1xx_hal_msp.o
                                      0x8379d (size before relaxing)
 .debug_str     0x00000000000887d4       0xec ./Core/Src/stm32f1xx_it.o
                                      0x8321a (size before relaxing)
 .debug_str     0x00000000000888c0      0x4da ./Core/Src/sysmem.o
                                       0x5d5f (size before relaxing)
 .debug_str     0x0000000000088d9a       0x7e ./Core/Src/system_stm32f1xx.o
                                      0x82b44 (size before relaxing)
 .debug_str     0x0000000000088e18       0x36 ./Core/Startup/startup_stm32f103c8tx.o
                                         0x79 (size before relaxing)
 .debug_str     0x0000000000088e4e      0x375 ./Drivers/STM32F1xx_HAL_Driver/Src/stm32f1xx_hal.o
                                      0x83277 (size before relaxing)
 .debug_str     0x00000000000891c3      0x294 ./Drivers/STM32F1xx_HAL_Driver/Src/stm32f1xx_hal_cortex.o
                                      0x831c3 (size before relaxing)
 .debug_str     0x0000000000089457      0x25f ./Drivers/STM32F1xx_HAL_Driver/Src/stm32f1xx_hal_flash.o
                                      0x82e1f (size before relaxing)
 .debug_str     0x00000000000896b6      0x306 ./Drivers/STM32F1xx_HAL_Driver/Src/stm32f1xx_hal_flash_ex.o
                                      0x82fcd (size before relaxing)
 .debug_str     0x00000000000899bc      0x2ae ./Drivers/STM32F1xx_HAL_Driver/Src/stm32f1xx_hal_gpio.o
                                      0x82eca (size before relaxing)
 .debug_str     0x0000000000089c6a      0x229 ./Drivers/STM32F1xx_HAL_Driver/Src/stm32f1xx_hal_rcc.o
                                      0x82f73 (size before relaxing)
 .debug_str     0x0000000000089e93      0x554 ./Drivers/STM32F1xx_HAL_Driver/Src/stm32f1xx_hal_spi.o
                                      0x83470 (size before relaxing)
 .debug_str     0x000000000008a3e7      0xda8 ./Drivers/STM32F1xx_HAL_Driver/Src/stm32f1xx_hal_tim.o
                                      0x83f5e (size before relaxing)
 .debug_str     0x000000000008b18f      0x493 ./Drivers/STM32F1xx_HAL_Driver/Src/stm32f1xx_hal_tim_ex.o
                                      0x8377a (size before relaxing)

.comment        0x0000000000000000       0x50
 .comment       0x0000000000000000       0x50 ./Core/Src/flash.o
                                         0x51 (size before relaxing)
 .comment       0x0000000000000050       0x51 ./Core/Src/lcd.o
 .comment       0x0000000000000050       0x51 ./Core/Src/main.o
 .comment       0x0000000000000050       0x51 ./Core/Src/rc522.o
 .comment       0x0000000000000050       0x51 ./Core/Src/stm32f1xx_hal_msp.o
 .comment       0x0000000000000050       0x51 ./Core/Src/stm32f1xx_it.o
 .comment       0x0000000000000050       0x51 ./Core/Src/sysmem.o
 .comment       0x0000000000000050       0x51 ./Core/Src/system_stm32f1xx.o
 .comment       0x0000000000000050       0x51 ./Drivers/STM32F1xx_HAL_Driver/Src/stm32f1xx_hal.o
 .comment       0x0000000000000050       0x51 ./Drivers/STM32F1xx_HAL_Driver/Src/stm32f1xx_hal_cortex.o
 .comment       0x0000000000000050       0x51 ./Drivers/STM32F1xx_HAL_Driver/Src/stm32f1xx_hal_flash.o
 .comment       0x0000000000000050       0x51 ./Drivers/STM32F1xx_HAL_Driver/Src/stm32f1xx_hal_flash_ex.o
 .comment       0x0000000000000050       0x51 ./Drivers/STM32F1xx_HAL_Driver/Src/stm32f1xx_hal_gpio.o
 .comment       0x0000000000000050       0x51 ./Drivers/STM32F1xx_HAL_Driver/Src/stm32f1xx_hal_rcc.o
 .comment       0x0000000000000050       0x51 ./Drivers/STM32F1xx_HAL_Driver/Src/stm32f1xx_hal_spi.o
 .comment       0x0000000000000050       0x51 ./Drivers/STM32F1xx_HAL_Driver/Src/stm32f1xx_hal_tim.o
 .comment       0x0000000000000050       0x51 ./Drivers/STM32F1xx_HAL_Driver/Src/stm32f1xx_hal_tim_ex.o

.debug_frame    0x0000000000000000     0x3f50
 .debug_frame   0x0000000000000000      0x170 ./Core/Src/flash.o
 .debug_frame   0x0000000000000170      0x208 ./Core/Src/lcd.o
 .debug_frame   0x0000000000000378      0x2c4 ./Core/Src/main.o
 .debug_frame   0x000000000000063c      0x2dc ./Core/Src/rc522.o
 .debug_frame   0x0000000000000918       0xc8 ./Core/Src/stm32f1xx_hal_msp.o
 .debug_frame   0x00000000000009e0      0x120 ./Core/Src/stm32f1xx_it.o
 .debug_frame   0x0000000000000b00       0x34 ./Core/Src/sysmem.o
 .debug_frame   0x0000000000000b34       0x58 ./Core/Src/system_stm32f1xx.o
 .debug_frame   0x0000000000000b8c      0x334 ./Drivers/STM32F1xx_HAL_Driver/Src/stm32f1xx_hal.o
 .debug_frame   0x0000000000000ec0      0x428 ./Drivers/STM32F1xx_HAL_Driver/Src/stm32f1xx_hal_cortex.o
 .debug_frame   0x00000000000012e8      0x20c ./Drivers/STM32F1xx_HAL_Driver/Src/stm32f1xx_hal_flash.o
 .debug_frame   0x00000000000014f4      0x258 ./Drivers/STM32F1xx_HAL_Driver/Src/stm32f1xx_hal_flash_ex.o
 .debug_frame   0x000000000000174c      0x14c ./Drivers/STM32F1xx_HAL_Driver/Src/stm32f1xx_hal_gpio.o
 .debug_frame   0x0000000000001898      0x21c ./Drivers/STM32F1xx_HAL_Driver/Src/stm32f1xx_hal_rcc.o
 .debug_frame   0x0000000000001ab4      0x824 ./Drivers/STM32F1xx_HAL_Driver/Src/stm32f1xx_hal_spi.o
 .debug_frame   0x00000000000022d8     0x11b8 ./Drivers/STM32F1xx_HAL_Driver/Src/stm32f1xx_hal_tim.o
 .debug_frame   0x0000000000003490      0x638 ./Drivers/STM32F1xx_HAL_Driver/Src/stm32f1xx_hal_tim_ex.o
 .debug_frame   0x0000000000003ac8       0x20 c:/st/stm32cubeide_1.10.1/stm32cubeide/plugins/com.st.stm32cube.ide.mcu.externaltools.gnu-tools-for-stm32.10.3-2021.10.win32_1.0.0.202111181127/tools/bin/../lib/gcc/arm-none-eabi/10.3.1/../../../../arm-none-eabi/lib/thumb/v7-m/nofp\libc_nano.a(lib_a-errno.o)
 .debug_frame   0x0000000000003ae8       0x2c c:/st/stm32cubeide_1.10.1/stm32cubeide/plugins/com.st.stm32cube.ide.mcu.externaltools.gnu-tools-for-stm32.10.3-2021.10.win32_1.0.0.202111181127/tools/bin/../lib/gcc/arm-none-eabi/10.3.1/../../../../arm-none-eabi/lib/thumb/v7-m/nofp\libc_nano.a(lib_a-init.o)
 .debug_frame   0x0000000000003b14       0x20 c:/st/stm32cubeide_1.10.1/stm32cubeide/plugins/com.st.stm32cube.ide.mcu.externaltools.gnu-tools-for-stm32.10.3-2021.10.win32_1.0.0.202111181127/tools/bin/../lib/gcc/arm-none-eabi/10.3.1/../../../../arm-none-eabi/lib/thumb/v7-m/nofp\libc_nano.a(lib_a-memset.o)
 .debug_frame   0x0000000000003b34       0x6c c:/st/stm32cubeide_1.10.1/stm32cubeide/plugins/com.st.stm32cube.ide.mcu.externaltools.gnu-tools-for-stm32.10.3-2021.10.win32_1.0.0.202111181127/tools/bin/../lib/gcc/arm-none-eabi/10.3.1/../../../../arm-none-eabi/lib/thumb/v7-m/nofp\libc_nano.a(lib_a-sprintf.o)
 .debug_frame   0x0000000000003ba0       0x90 c:/st/stm32cubeide_1.10.1/stm32cubeide/plugins/com.st.stm32cube.ide.mcu.externaltools.gnu-tools-for-stm32.10.3-2021.10.win32_1.0.0.202111181127/tools/bin/../lib/gcc/arm-none-eabi/10.3.1/../../../../arm-none-eabi/lib/thumb/v7-m/nofp\libc_nano.a(lib_a-nano-svfprintf.o)
 .debug_frame   0x0000000000003c30       0x60 c:/st/stm32cubeide_1.10.1/stm32cubeide/plugins/com.st.stm32cube.ide.mcu.externaltools.gnu-tools-for-stm32.10.3-2021.10.win32_1.0.0.202111181127/tools/bin/../lib/gcc/arm-none-eabi/10.3.1/../../../../arm-none-eabi/lib/thumb/v7-m/nofp\libc_nano.a(lib_a-nano-vfprintf_i.o)
 .debug_frame   0x0000000000003c90       0x28 c:/st/stm32cubeide_1.10.1/stm32cubeide/plugins/com.st.stm32cube.ide.mcu.externaltools.gnu-tools-for-stm32.10.3-2021.10.win32_1.0.0.202111181127/tools/bin/../lib/gcc/arm-none-eabi/10.3.1/../../../../arm-none-eabi/lib/thumb/v7-m/nofp\libc_nano.a(lib_a-memchr-stub.o)
 .debug_frame   0x0000000000003cb8       0x28 c:/st/stm32cubeide_1.10.1/stm32cubeide/plugins/com.st.stm32cube.ide.mcu.externaltools.gnu-tools-for-stm32.10.3-2021.10.win32_1.0.0.202111181127/tools/bin/../lib/gcc/arm-none-eabi/10.3.1/../../../../arm-none-eabi/lib/thumb/v7-m/nofp\libc_nano.a(lib_a-memcpy-stub.o)
 .debug_frame   0x0000000000003ce0       0x28 c:/st/stm32cubeide_1.10.1/stm32cubeide/plugins/com.st.stm32cube.ide.mcu.externaltools.gnu-tools-for-stm32.10.3-2021.10.win32_1.0.0.202111181127/tools/bin/../lib/gcc/arm-none-eabi/10.3.1/../../../../arm-none-eabi/lib/thumb/v7-m/nofp\libc_nano.a(lib_a-memmove.o)
 .debug_frame   0x0000000000003d08       0x38 c:/st/stm32cubeide_1.10.1/stm32cubeide/plugins/com.st.stm32cube.ide.mcu.externaltools.gnu-tools-for-stm32.10.3-2021.10.win32_1.0.0.202111181127/tools/bin/../lib/gcc/arm-none-eabi/10.3.1/../../../../arm-none-eabi/lib/thumb/v7-m/nofp\libc_nano.a(lib_a-nano-freer.o)
 .debug_frame   0x0000000000003d40       0x4c c:/st/stm32cubeide_1.10.1/stm32cubeide/plugins/com.st.stm32cube.ide.mcu.externaltools.gnu-tools-for-stm32.10.3-2021.10.win32_1.0.0.202111181127/tools/bin/../lib/gcc/arm-none-eabi/10.3.1/../../../../arm-none-eabi/lib/thumb/v7-m/nofp\libc_nano.a(lib_a-nano-mallocr.o)
 .debug_frame   0x0000000000003d8c       0x3c c:/st/stm32cubeide_1.10.1/stm32cubeide/plugins/com.st.stm32cube.ide.mcu.externaltools.gnu-tools-for-stm32.10.3-2021.10.win32_1.0.0.202111181127/tools/bin/../lib/gcc/arm-none-eabi/10.3.1/../../../../arm-none-eabi/lib/thumb/v7-m/nofp\libc_nano.a(lib_a-nano-reallocr.o)
 .debug_frame   0x0000000000003dc8       0x2c c:/st/stm32cubeide_1.10.1/stm32cubeide/plugins/com.st.stm32cube.ide.mcu.externaltools.gnu-tools-for-stm32.10.3-2021.10.win32_1.0.0.202111181127/tools/bin/../lib/gcc/arm-none-eabi/10.3.1/../../../../arm-none-eabi/lib/thumb/v7-m/nofp\libc_nano.a(lib_a-sbrkr.o)
 .debug_frame   0x0000000000003df4       0x30 c:/st/stm32cubeide_1.10.1/stm32cubeide/plugins/com.st.stm32cube.ide.mcu.externaltools.gnu-tools-for-stm32.10.3-2021.10.win32_1.0.0.202111181127/tools/bin/../lib/gcc/arm-none-eabi/10.3.1/../../../../arm-none-eabi/lib/thumb/v7-m/nofp\libc_nano.a(lib_a-mlock.o)
 .debug_frame   0x0000000000003e24       0x20 c:/st/stm32cubeide_1.10.1/stm32cubeide/plugins/com.st.stm32cube.ide.mcu.externaltools.gnu-tools-for-stm32.10.3-2021.10.win32_1.0.0.202111181127/tools/bin/../lib/gcc/arm-none-eabi/10.3.1/../../../../arm-none-eabi/lib/thumb/v7-m/nofp\libc_nano.a(lib_a-nano-msizer.o)
 .debug_frame   0x0000000000003e44       0x5c c:/st/stm32cubeide_1.10.1/stm32cubeide/plugins/com.st.stm32cube.ide.mcu.externaltools.gnu-tools-for-stm32.10.3-2021.10.win32_1.0.0.202111181127/tools/bin/../lib/gcc/arm-none-eabi/10.3.1/../../../../arm-none-eabi/lib/thumb/v7-m/nofp\libc_nano.a(lib_a-reent.o)
 .debug_frame   0x0000000000003ea0       0xb0 c:/st/stm32cubeide_1.10.1/stm32cubeide/plugins/com.st.stm32cube.ide.mcu.externaltools.gnu-tools-for-stm32.10.3-2021.10.win32_1.0.0.202111181127/tools/bin/../lib/gcc/arm-none-eabi/10.3.1/../../../../arm-none-eabi/lib/thumb/v7-m/nofp\libc_nano.a(lib_a-lock.o)
